Archive member included because of file (symbol)

/usr/lib/gcc/avr/4.3.5/avr5/libgcc.a(_mulsi3.o)
                              sdkarte/fat16.o (__mulsi3)
/usr/lib/gcc/avr/4.3.5/avr5/libgcc.a(_udivmodqi4.o)
                              timer.o (__udivmodqi4)
/usr/lib/gcc/avr/4.3.5/avr5/libgcc.a(_udivmodhi4.o)
                              timer.o (__udivmodhi4)
/usr/lib/gcc/avr/4.3.5/avr5/libgcc.a(_divmodhi4.o)
                              timer.o (__divmodhi4)
/usr/lib/gcc/avr/4.3.5/avr5/libgcc.a(_udivmodsi4.o)
                              usart.o (__udivmodsi4)
/usr/lib/gcc/avr/4.3.5/avr5/libgcc.a(_exit.o)
                              /usr/lib/gcc/avr/4.3.5/../../../avr/lib/avr5/crtm644p.o (exit)
/usr/lib/gcc/avr/4.3.5/avr5/libgcc.a(_copy_data.o)
                              main.o (__do_copy_data)
/usr/lib/gcc/avr/4.3.5/avr5/libgcc.a(_clear_bss.o)
                              main.o (__do_clear_bss)
/usr/lib/gcc/avr/4.3.5/../../../avr/lib/avr5/libc.a(malloc.o)
                              sdkarte/sdcard.o (malloc)
/usr/lib/gcc/avr/4.3.5/../../../avr/lib/avr5/libc.a(strtoul.o)
                              tcpservice/tcpcmd.o (strtoul)
/usr/lib/gcc/avr/4.3.5/../../../avr/lib/avr5/libc.a(atoi.o)
                              sendmail.o (atoi)
/usr/lib/gcc/avr/4.3.5/../../../avr/lib/avr5/libc.a(isspace.o)
                              /usr/lib/gcc/avr/4.3.5/../../../avr/lib/avr5/libc.a(strtoul.o) (isspace)
/usr/lib/gcc/avr/4.3.5/../../../avr/lib/avr5/libc.a(ispunct.o)
                              messung.o (ispunct)
/usr/lib/gcc/avr/4.3.5/../../../avr/lib/avr5/libc.a(memcpy_P.o)
                              httpd.o (memcpy_P)
/usr/lib/gcc/avr/4.3.5/../../../avr/lib/avr5/libc.a(strcasecmp_P.o)
                              tcpservice/tcpcmd.o (strcasecmp_P)
/usr/lib/gcc/avr/4.3.5/../../../avr/lib/avr5/libc.a(strcat_P.o)
                              sendmail.o (strcat_P)
/usr/lib/gcc/avr/4.3.5/../../../avr/lib/avr5/libc.a(strcpy_P.o)
                              httpd.o (strcpy_P)
/usr/lib/gcc/avr/4.3.5/../../../avr/lib/avr5/libc.a(strlen_P.o)
                              tcpservice/tcpsrv.o (strlen_P)
/usr/lib/gcc/avr/4.3.5/../../../avr/lib/avr5/libc.a(strncasecmp_P.o)
                              httpd.o (strncasecmp_P)
/usr/lib/gcc/avr/4.3.5/../../../avr/lib/avr5/libc.a(strncmp_P.o)
                              sendmail.o (strncmp_P)
/usr/lib/gcc/avr/4.3.5/../../../avr/lib/avr5/libc.a(strncpy_P.o)
                              timer.o (strncpy_P)
/usr/lib/gcc/avr/4.3.5/../../../avr/lib/avr5/libc.a(strstr_P.o)
                              httpd.o (strstr_P)
/usr/lib/gcc/avr/4.3.5/../../../avr/lib/avr5/libc.a(memcpy.o)
                              sdkarte/fat16.o (memcpy)
/usr/lib/gcc/avr/4.3.5/../../../avr/lib/avr5/libc.a(memset.o)
                              sdkarte/fat16.o (memset)
/usr/lib/gcc/avr/4.3.5/../../../avr/lib/avr5/libc.a(strcasecmp.o)
                              sdkarte/sdcard.o (strcasecmp)
/usr/lib/gcc/avr/4.3.5/../../../avr/lib/avr5/libc.a(strcasestr_P.o)
                              httpd.o (strcasestr_P)
/usr/lib/gcc/avr/4.3.5/../../../avr/lib/avr5/libc.a(strcat.o)
                              sendmail.o (strcat)
/usr/lib/gcc/avr/4.3.5/../../../avr/lib/avr5/libc.a(strchr.o)
                              sdkarte/fat16.o (strchr)
/usr/lib/gcc/avr/4.3.5/../../../avr/lib/avr5/libc.a(strchrnul.o)
                              dns.o (strchrnul)
/usr/lib/gcc/avr/4.3.5/../../../avr/lib/avr5/libc.a(strcmp.o)
                              sdkarte/fat16.o (strcmp)
/usr/lib/gcc/avr/4.3.5/../../../avr/lib/avr5/libc.a(strcpy.o)
                              tcpservice/tcpcmd.o (strcpy)
/usr/lib/gcc/avr/4.3.5/../../../avr/lib/avr5/libc.a(strncmp.o)
                              sdkarte/fat16.o (strncmp)
/usr/lib/gcc/avr/4.3.5/../../../avr/lib/avr5/libc.a(strncpy.o)
                              sdkarte/fat16.o (strncpy)
/usr/lib/gcc/avr/4.3.5/../../../avr/lib/avr5/libc.a(strrchr.o)
                              sdkarte/fat16.o (strrchr)
/usr/lib/gcc/avr/4.3.5/../../../avr/lib/avr5/libc.a(strsep.o)
                              tcpservice/tcpcmd.o (strsep)
/usr/lib/gcc/avr/4.3.5/../../../avr/lib/avr5/libc.a(mul10.o)
                              /usr/lib/gcc/avr/4.3.5/../../../avr/lib/avr5/libc.a(atoi.o) (__mulhi_const_10)
/usr/lib/gcc/avr/4.3.5/../../../avr/lib/avr5/libc.a(iob.o)
                              main.o (__iob)
/usr/lib/gcc/avr/4.3.5/../../../avr/lib/avr5/libc.a(printf_p.o)
                              main.o (printf_P)
/usr/lib/gcc/avr/4.3.5/../../../avr/lib/avr5/libc.a(sprintf_p.o)
                              timer.o (sprintf_P)
/usr/lib/gcc/avr/4.3.5/../../../avr/lib/avr5/libc.a(vsprintf_p.o)
                              sdkarte/sdcard.o (vsprintf_P)
/usr/lib/gcc/avr/4.3.5/../../../avr/lib/avr5/libc.a(vfprintf_std.o)
                              /usr/lib/gcc/avr/4.3.5/../../../avr/lib/avr5/libc.a(printf_p.o) (vfprintf)
[...]
Memory Configuration

Name             Origin             Length             Attributes
text             0x00000000         0x00020000         xr
data             0x00800060         0x0000ffa0         rw !x
eeprom           0x00810000         0x00010000         rw !x
fuse             0x00820000         0x00000400         rw !x
lock             0x00830000         0x00000400         rw !x
signature        0x00840000         0x00000400         rw !x
*default*        0x00000000         0xffffffff

Linker script and memory map

Address of section .data set to 0x800100
LOAD /usr/lib/gcc/avr/4.3.5/../../../avr/lib/avr5/crtm644p.o
LOAD main.o
LOAD usart.o
LOAD stack.o
LOAD timer.o
LOAD base64.o
LOAD networkcard/enc28j60.o
LOAD httpd.o
LOAD telnetd.o
LOAD ntp.o
LOAD lcd.o
LOAD wol.o
LOAD http_get.o
LOAD analog.o
LOAD sendmail.o
LOAD dns.o
LOAD translate.o
LOAD camera/cam.o
LOAD camera/servo.o
LOAD tcpservice/tcpcmd.o
LOAD tcpservice/tcpsrv.o
LOAD sdkarte/sdcard.o
LOAD sdkarte/fat16.o
LOAD sdkarte/sd.o
LOAD sdkarte/sd_raw.o
LOAD sdkarte/partition.o
LOAD sdkarte/spi.o
LOAD messung.o
LOAD 1-wire/crc8.o
LOAD 1-wire/onewire.o
LOAD 1-wire/ds18x20.o
LOAD rc5/rc5.o
LOAD /usr/lib/gcc/avr/4.3.5/../../../avr/lib/avr5/libm.a
LOAD /usr/lib/gcc/avr/4.3.5/avr5/libgcc.a
LOAD /usr/lib/gcc/avr/4.3.5/../../../avr/lib/avr5/libc.a
LOAD /usr/lib/gcc/avr/4.3.5/avr5/libgcc.a

.hash
 *(.hash)

.dynsym
 *(.dynsym)

.dynstr
 *(.dynstr)

.gnu.version
 *(.gnu.version)

.gnu.version_d
 *(.gnu.version_d)

.gnu.version_r
 *(.gnu.version_r)

.rel.init
 *(.rel.init)

.rela.init
 *(.rela.init)

.rel.text
 *(.rel.text)
 *(.rel.text.*)
 *(.rel.gnu.linkonce.t*)

.rela.text
 *(.rela.text)
 *(.rela.text.*)
 *(.rela.gnu.linkonce.t*)

.rel.fini
 *(.rel.fini)

.rela.fini
 *(.rela.fini)

.rel.rodata
 *(.rel.rodata)
 *(.rel.rodata.*)
 *(.rel.gnu.linkonce.r*)

.rela.rodata
 *(.rela.rodata)
 *(.rela.rodata.*)
 *(.rela.gnu.linkonce.r*)

.rel.data
 *(.rel.data)
 *(.rel.data.*)
 *(.rel.gnu.linkonce.d*)

.rela.data
 *(.rela.data)
 *(.rela.data.*)
 *(.rela.gnu.linkonce.d*)

.rel.ctors
 *(.rel.ctors)

.rela.ctors
 *(.rela.ctors)

.rel.dtors
 *(.rel.dtors)

.rela.dtors
 *(.rela.dtors)

.rel.got
 *(.rel.got)

.rela.got
 *(.rela.got)

.rel.bss
 *(.rel.bss)

.rela.bss
 *(.rela.bss)

.rel.plt
 *(.rel.plt)

.rela.plt
 *(.rela.plt)

.text           0x00000000     0xe484
 *(.vectors)
 .vectors       0x00000000       0x7c /usr/lib/gcc/avr/4.3.5/../../../avr/lib/avr5/crtm644p.o
                0x00000000                __vectors
                0x00000000                __vector_default
 *(.vectors)
 *(.progmem.gcc*)
 *(.progmem*)
 .progmem.data  0x0000007c       0x8d main.o
 .progmem.data  0x00000109       0x3c timer.o
                0x00000109                Monatstage
                0x00000115                US_Monate
 .progmem.data  0x00000145       0x42 base64.o
                0x00000145                BASE64CODE
 .progmem.data  0x00000187       0x36 networkcard/enc28j60.o
 .progmem.data  0x000001bd     0x1465 httpd.o
                0x000001bd                name_Page1
                0x000001c7                Page1
                0x00000c3c                name_Page4
                0x00000c47                Page4
                0x00000f3a                name_led_on
                0x00000f44                led_on
                0x00001118                name_led_off
                0x00001123                led_off
                0x000012f6                name_bild_balken
                0x00001300                bild_balken
                0x00001349                name_bild_rakete
                0x00001353                bild_rakete
                0x00001403                WEBPAGE_TABLE
                0x0000141f                http_header1
                0x00001477                http_header2
                0x000014cf                http_header3
                0x00001551                http_csv_header
                0x000015df                Page0
 .progmem.data  0x00001622       0x17 telnetd.o
 .progmem.data  0x00001639       0x34 ntp.o
                0x00001639                NTP_Request
 .progmem.data  0x0000166d      0x116 http_get.o
                0x0000166d                WEATHER_GET_STRING
 .progmem.data  0x00001783       0x6d sendmail.o
                0x00001783                SMTP_HELO
                0x00001795                SMTP_AUTH
                0x000017a2                SMTP_RSET
                0x000017a9                SMTP_DATA
                0x000017b0                SMTP_END
                0x000017b4                SMTP_QUIT
 .progmem.data  0x000017f0      0x167 dns.o
 .progmem.data  0x00001957       0x81 translate.o
                0x00001957                Tagesnamen
 .progmem.data  0x000019d8      0x8b2 tcpservice/tcpcmd.o
                0x000019d8                p_quit
                0x000019dd                p_exit
                0x000019e2                p_reset
                0x000019e8                p_arp
                0x000019ec                p_tcp
                0x000019f0                p_ip
                0x000019f3                p_net
                0x000019f7                p_router
                0x000019fe                p_ntp
                0x00001a02                p_mac
                0x00001a06                p_ver
                0x00001a0a                p_sv
                0x00001a0d                p_time
                0x00001a12                p_ntpr
                0x00001a17                p_ping
                0x00001a1c                p_dns
                0x00001a20                p_dnsqry
                0x00001a25                p_dnsrev
                0x00001a2a                p_dir
                0x00001a2e                p_disk
                0x00001a33                p_cat
                0x00001a37                p_pwd
                0x00001a3b                p_cwd
                0x00001a3f                p_cd
                0x00001a42                p_cdup
                0x00001a47                p_user
                0x00001a4c                p_pass
                0x00001a51                p_noop
                0x00001a56                p_type
                0x00001a5b                p_pasv
                0x00001a60                p_list
                0x00001a65                p_retr
                0x00001a6a                p_stor
                0x00001a6f                p_rmd
                0x00001a73                p_mkd
                0x00001a77                p_dele
                0x00001a7c                p_syst
                0x00001a81                p_mail
                0x00001a86                p_help
                0x00001a8b                p_help2
                0x00001a8d                CMD_TABLE
                0x00001b31                helptext
 .progmem.data  0x0000228a       0x6b tcpservice/tcpsrv.o
 .progmem.data  0x000022f5       0x9d messung.o
 .progmem.data  0x00002392       0x34 1-wire/ds18x20.o
                0x00002392                need_rounding
                0x000023c6                . = ALIGN (0x2)
                0x000023c6                __trampolines_start = .
 *(.trampolines)
 .trampolines   0x000023c6        0x0 linker stubs
 *(.trampolines*)
                0x000023c6                __trampolines_end = .
 *(.jumptables)
 *(.jumptables*)
 *(.lowtext)
 *(.lowtext*)
                0x000023c6                __ctors_start = .
 *(.ctors)
                0x000023c6                __ctors_end = .
                0x000023c6                __dtors_start = .
 *(.dtors)
                0x000023c6                __dtors_end = .
 SORT(*)(.ctors)
 SORT(*)(.dtors)
 *(.init0)
 .init0         0x000023c6        0x0 /usr/lib/gcc/avr/4.3.5/../../../avr/lib/avr5/crtm644p.o
                0x000023c6                __init
 *(.init0)
 *(.init1)
 *(.init1)
 *(.init2)
 .init2         0x000023c6        0xc /usr/lib/gcc/avr/4.3.5/../../../avr/lib/avr5/crtm644p.o
 *(.init2)
 *(.init3)
 *(.init3)
 *(.init4)
 .init4         0x000023d2       0x16 /usr/lib/gcc/avr/4.3.5/avr5/libgcc.a(_copy_data.o)
                0x000023d2                __do_copy_data
 .init4         0x000023e8       0x10 /usr/lib/gcc/avr/4.3.5/avr5/libgcc.a(_clear_bss.o)
                0x000023e8                __do_clear_bss
 *(.init4)
 *(.init5)
 *(.init5)
 *(.init6)
 *(.init6)
 *(.init7)
 *(.init7)
 *(.init8)
 *(.init8)
 *(.init9)
 .init9         0x000023f8        0x8 /usr/lib/gcc/avr/4.3.5/../../../avr/lib/avr5/crtm644p.o
 *(.init9)
 *(.text)
 .text          0x00002400        0x4 /usr/lib/gcc/avr/4.3.5/../../../avr/lib/avr5/crtm644p.o
                0x00002400                __vector_22
                0x00002400                __vector_28
                0x00002400                __vector_1
                0x00002400                __vector_24
                0x00002400                __vector_12
                0x00002400                __bad_interrupt
                0x00002400                __vector_23
                0x00002400                __vector_30
                0x00002400                __vector_25
                0x00002400                __vector_11
                0x00002400                __vector_17
                0x00002400                __vector_19
                0x00002400                __vector_27
                0x00002400                __vector_5
                0x00002400                __vector_9
                0x00002400                __vector_2
                0x00002400                __vector_21
                0x00002400                __vector_15
                0x00002400                __vector_29
                0x00002400                __vector_8
                0x00002400                __vector_26
                0x00002400                __vector_14
                0x00002400                __vector_10
                0x00002400                __vector_16
                0x00002400                __vector_18
 .text          0x00002404      0x370 main.o
                0x00002404                main
 .text          0x00002774      0x15a usart.o
                0x00002774                usart_init
                0x000027aa                usart_putchar
                0x000027c6                usart_getchar
                0x000027e0                __vector_20
 .text          0x000028ce     0x179c stack.o
                0x000028ce                htons
                0x000028d6                htonl
                0x00002934                arp_timer_call
                0x000029be                add_tcp_app
                0x000029fa                change_port_tcp_app
                0x00002a38                add_udp_app
                0x00002a74                kill_udp_app
                0x00002a94                __vector_3
                0x00002ac8                arp_entry_add
                0x00002c76                arp_entry_search
                0x00002cbc                new_eth_header
                0x00002d72                checksum
                0x00002e02                make_ip_header
                0x00002eaa                tcp_entry_add
                0x00003068                tcp_entry_search
                0x000030cc                udp_socket_process
                0x00003112                find_and_start
                0x0000317a                tcp_index_del
                0x000031ce                create_new_tcp_packet
                0x0000334e                tcp_port_open
                0x00003424                tcp_Port_close
                0x00003456                tcp_socket_process
                0x0000383e                tcp_timer_call
                0x000038d2                create_new_udp_packet
                0x0000399e                icmp_send
                0x00003a5a                arp_reply
                0x00003bf6                check_packet
                0x00003cea                eth_get_data
                0x00003d3c                arp_request
                0x00003f1e                get_eeprom_value
                0x00003fc2                stack_init
 .text          0x0000406a      0x692 timer.o
                0x0000406a                AnzahlTageImMonat
                0x0000408e                GetYearYYYY
                0x0000409c                get_datetime
                0x000040e8                TM_SetDayOfWeek
                0x000041a2                TM_SetDayofYear
                0x000041ec                timer_init
                0x0000429e                TM_AddOneDay
                0x0000430a                TM_SchaltzeitSet
                0x0000436a                TM_ZustandGet
                0x00004442                TM_SollzustandGetAktuell
                0x00004468                __vector_13
                0x000044fe                TM_AddOneSecond
                0x0000464c                GetUSdate
 .text          0x000046fc       0xb2 base64.o
                0x000046fc                decode_base64
 .text          0x000047ae      0x498 networkcard/enc28j60.o
                0x000048f0                enc_send_packet
                0x000049ea                enc_receive_packet
                0x00004afa                enc_init
 .text          0x00004c46      0xd38 httpd.o
                0x00004c46                httpd_stack_clear
                0x00004cca                httpd_data_send
                0x00005102                httpd_header_check
                0x000058b8                httpd
                0x00005964                httpd_init
 .text          0x0000597e      0x2b6 telnetd.o
                0x0000597e                telnetd_send_data
                0x00005a7e                telnetd
                0x00005c26                telnetd_init
 .text          0x00005c34      0x2f2 ntp.o
                0x00005c34                ntp_get
                0x00005e0c                ntp_request
                0x00005f04                ntp_init
 .text          0x00005f26        0x0 lcd.o
 .text          0x00005f26        0x0 wol.o
 .text          0x00005f26      0x2d6 http_get.o
                0x00005f26                http_request
                0x0000611e                test
 .text          0x000061fc        0x0 analog.o
 .text          0x000061fc      0x6a0 sendmail.o
                0x000061fc                read_maildata
                0x0000632e                read_mailparam
                0x000063e4                sendmail
                0x00006566                sendmail_data
                0x0000684c                sendmail_init
 .text          0x0000689c      0x564 dns.o
                0x0000689c                dns_get
                0x00006be2                _dns_qry
                0x00006d18                dns_request
                0x00006d26                dns_reverse_request
                0x00006dd2                dns_init
 .text          0x00006e00      0x378 translate.o
                0x00006e00                translate
 .text          0x00007178        0x0 camera/cam.o
 .text          0x00007178        0x0 camera/servo.o
 .text          0x00007178     0x1d38 tcpservice/tcpcmd.o
                0x00007178                cmd_quit
                0x0000717e                command_reset
                0x0000718a                command_setvar
                0x00007190                cmd_PASV
                0x00007214                cmd_PWD
                0x00007276                command_time
                0x0000739e                command_ver
                0x0000742e                command_mac
                0x0000751e                cmd_550
                0x0000754c                cmd_530
                0x0000757a                cmd_502
                0x000075a8                print_disk_info
                0x00007780                command_help
                0x000077e4                command_OWlookup
                0x000077f8                command_OWread
                0x0000780c                command_ADC
                0x00007820                command_wol
                0x00007834                command_tcp
                0x00007a2c                command_arp
                0x00007c86                cmd_250
                0x00007cb4                cmd_200
                0x00007ce2                cmd_PASS
                0x00007cf6                cmd_USER
                0x00007d0a                cmd_150
                0x00007d4a                cmd_LIST
                0x00007d78                cmd_TYPE
                0x00007dd2                cmd_SYST
                0x00007e00                cmd_CDUP
                0x00007f38                cmd_CWD
                0x000081d4                cmd_MKD
                0x00008210                cmd_RETR
                0x00008262                cmd_DELE
                0x000082d6                cmd_STOR
                0x00008344                cat
                0x00008392                cmd_MMCdir
                0x000086b6                cmd_DNSQ
                0x000086cc                command_mail
                0x000086ee                command_ntp_refresh
                0x00008704                getLong
                0x0000873a                command_ping
                0x000087f4                cmd_DNSR
                0x0000889c                write_eeprom_ip
                0x00008902                cmd_DNS
                0x00008a14                command_router
                0x00008b0c                command_net
                0x00008c04                command_ntp
                0x00008cfc                command_ip
                0x00008df4                extract_cmd
 .text          0x00008eb0      0x800 tcpservice/tcpsrv.o
                0x00008eb0                read_file_to_eth_buffer
                0x00009036                doSrvCmd
                0x0000910e                tcpsrvd
                0x00009302                tcpsrvd_init
 .text          0x000096b0      0x4b6 sdkarte/sdcard.o
                0x000096b0                f16_mkdir
                0x00009700                f16_exist
                0x00009754                f16_delete
                0x000097ba                f16_fputs
                0x000097d6                f16_fputc
                0x000097fa                f16_printf_P
                0x00009864                f16_getc
                0x00009898                f16_gets
                0x0000992a                f16_fseek
                0x0000995a                f16_fputs_P
                0x000099c2                f16_flush
                0x000099c8                f16_close
                0x000099de                f16_open
                0x00009ada                f16_check
                0x00009b52                f16_init
 .text          0x00009b66     0x21e0 sdkarte/fat16.o
                0x00009b66                fat16_close
                0x00009f40                fat16_close_file
                0x00009f4c                fat16_read_file
                0x0000a1d8                fat16_close_dir
                0x0000a1e4                fat16_reset_dir
                0x0000a430                fat16_delete_file
                0x0000a534                fat16_get_file_modification_date
                0x0000a574                fat16_get_file_modification_time
                0x0000a5b4                fat16_get_fs_size
                0x0000a5f2                fat16_get_fs_free
                0x0000a772                fat16_read_dir
                0x0000a958                fat16_open
                0x0000b2a6                fat16_create_dir
                0x0000b424                fat16_create_file
                0x0000b4ec                fat16_resize_file
                0x0000b764                fat16_seek_file
                0x0000b81c                fat16_write_file
                0x0000bb22                fat16_open_dir
                0x0000bbba                fat16_open_file
                0x0000bc24                fat16_get_dir_entry_of_path
 .text          0x0000bd46      0x1c6 sdkarte/sd.o
                0x0000bd46                sd_get_fs
                0x0000bd50                sd_get_root_dir
                0x0000bd5a                sd_find_file_in_dir
                0x0000bd9e                sd_open_file_in_dir
                0x0000bdf4                sd_close
                0x0000be32                sd_open
 .text          0x0000bf0c      0x82e sdkarte/sd_raw.o
                0x0000bf0c                sd_raw_available
                0x0000bf1c                sd_raw_locked
                0x0000bf8e                sd_raw_get_info
                0x0000c1ca                sd_raw_read
                0x0000c314                sd_raw_write
                0x0000c48a                sd_raw_sync
                0x0000c4be                sd_raw_write_interval
                0x0000c574                sd_raw_read_interval
                0x0000c654                sd_raw_init
 .text          0x0000c73a      0x1c8 sdkarte/partition.o
                0x0000c73a                partition_close
                0x0000c74a                partition_open
 .text          0x0000c902       0x7a sdkarte/spi.o
                0x0000c902                spi_init
                0x0000c91a                spi_send_byte
                0x0000c924                spi_rec_byte
                0x0000c932                spi_send_data
                0x0000c94c                spi_rec_data
                0x0000c964                spi_low_frequency
                0x0000c970                spi_high_frequency
 .text          0x0000c97c      0x5ba messung.o
                0x0000c97c                __vector_4
                0x0000c9a6                __vector_6
                0x0000c9dc                __vector_7
                0x0000c9fa                log_status
                0x0000cb40                regelAnlage
                0x0000cca4                log_init
                0x0000cd60                initSchaltzeiten
                0x0000cedc                messung_init
 .text          0x0000cf36       0x40 1-wire/crc8.o
                0x0000cf36                crc8
 .text          0x0000cf76      0x178 1-wire/onewire.o
                0x0000cf76                ow_input_pin_state
                0x0000cf7c                ow_parasite_enable
                0x0000cf82                ow_parasite_disable
                0x0000cf88                ow_reset
                0x0000cfbc                ow_bit_io
                0x0000cfee                ow_byte_wr
                0x0000d010                ow_byte_rd
                0x0000d018                ow_rom_search
                0x0000d0b0                ow_command
 .text          0x0000d0ee      0x532 1-wire/ds18x20.o
                0x0000d0ee                DS18X20_meas_to_cel
                0x0000d190                DS18X20_temp_to_decicel
                0x0000d1e2                DS18X20_temp_cmp
                0x0000d20c                DS18X20_recall_E2
                0x0000d23a                DS18X20_start_meas
                0x0000d26e                DS18X20_copy_scratchpad
                0x0000d2b2                DS18X20_read_scratchpad
                0x0000d2fa                DS18X20_write_scratchpad
                0x0000d34a                DS18X20_read_meas_single
                0x0000d3f8                DS18X20_read_meas
                0x0000d4ae                DS18X20_get_power_status
                0x0000d4d8                DS18X20_find_sensor
                0x0000d50c                DS18X20_show_id_uart
 .text          0x0000d620        0x0 rc5/rc5.o
 .text          0x0000d620        0x0 /usr/lib/gcc/avr/4.3.5/avr5/libgcc.a(_mulsi3.o)
 .text          0x0000d620        0x0 /usr/lib/gcc/avr/4.3.5/avr5/libgcc.a(_udivmodqi4.o)
 .text          0x0000d620        0x0 /usr/lib/gcc/avr/4.3.5/avr5/libgcc.a(_udivmodhi4.o)
 .text          0x0000d620        0x0 /usr/lib/gcc/avr/4.3.5/avr5/libgcc.a(_divmodhi4.o)
 .text          0x0000d620        0x0 /usr/lib/gcc/avr/4.3.5/avr5/libgcc.a(_udivmodsi4.o)
 .text          0x0000d620        0x0 /usr/lib/gcc/avr/4.3.5/avr5/libgcc.a(_exit.o)
 .text          0x0000d620        0x0 /usr/lib/gcc/avr/4.3.5/avr5/libgcc.a(_copy_data.o)
 .text          0x0000d620        0x0 /usr/lib/gcc/avr/4.3.5/avr5/libgcc.a(_clear_bss.o)
 .text          0x0000d620        0x0 /usr/lib/gcc/avr/4.3.5/../../../avr/lib/avr5/libc.a(malloc.o)
 .text          0x0000d620        0x0 /usr/lib/gcc/avr/4.3.5/../../../avr/lib/avr5/libc.a(strtoul.o)
 .text          0x0000d620        0x0 /usr/lib/gcc/avr/4.3.5/../../../avr/lib/avr5/libc.a(atoi.o)
 .text          0x0000d620        0x0 /usr/lib/gcc/avr/4.3.5/../../../avr/lib/avr5/libc.a(isspace.o)
 .text          0x0000d620        0x0 /usr/lib/gcc/avr/4.3.5/../../../avr/lib/avr5/libc.a(ispunct.o)
 .text          0x0000d620        0x0 /usr/lib/gcc/avr/4.3.5/../../../avr/lib/avr5/libc.a(memcpy_P.o)
 .text          0x0000d620        0x0 /usr/lib/gcc/avr/4.3.5/../../../avr/lib/avr5/libc.a(strcasecmp_P.o)
 .text          0x0000d620        0x0 /usr/lib/gcc/avr/4.3.5/../../../avr/lib/avr5/libc.a(strcat_P.o)
 .text          0x0000d620        0x0 /usr/lib/gcc/avr/4.3.5/../../../avr/lib/avr5/libc.a(strcpy_P.o)
 .text          0x0000d620        0x0 /usr/lib/gcc/avr/4.3.5/../../../avr/lib/avr5/libc.a(strlen_P.o)
 .text          0x0000d620        0x0 /usr/lib/gcc/avr/4.3.5/../../../avr/lib/avr5/libc.a(strncasecmp_P.o)
 .text          0x0000d620        0x0 /usr/lib/gcc/avr/4.3.5/../../../avr/lib/avr5/libc.a(strncmp_P.o)
 .text          0x0000d620        0x0 /usr/lib/gcc/avr/4.3.5/../../../avr/lib/avr5/libc.a(strncpy_P.o)
 .text          0x0000d620        0x0 /usr/lib/gcc/avr/4.3.5/../../../avr/lib/avr5/libc.a(strstr_P.o)
 .text          0x0000d620        0x0 /usr/lib/gcc/avr/4.3.5/../../../avr/lib/avr5/libc.a(memcpy.o)
 .text          0x0000d620        0x0 /usr/lib/gcc/avr/4.3.5/../../../avr/lib/avr5/libc.a(memset.o)
 .text          0x0000d620        0x0 /usr/lib/gcc/avr/4.3.5/../../../avr/lib/avr5/libc.a(strcasecmp.o)
 .text          0x0000d620        0x0 /usr/lib/gcc/avr/4.3.5/../../../avr/lib/avr5/libc.a(strcasestr_P.o)
 .text          0x0000d620        0x0 /usr/lib/gcc/avr/4.3.5/../../../avr/lib/avr5/libc.a(strcat.o)
 .text          0x0000d620        0x0 /usr/lib/gcc/avr/4.3.5/../../../avr/lib/avr5/libc.a(strchr.o)
 .text          0x0000d620        0x0 /usr/lib/gcc/avr/4.3.5/../../../avr/lib/avr5/libc.a(strchrnul.o)
 .text          0x0000d620        0x0 /usr/lib/gcc/avr/4.3.5/../../../avr/lib/avr5/libc.a(strcmp.o)
 .text          0x0000d620        0x0 /usr/lib/gcc/avr/4.3.5/../../../avr/lib/avr5/libc.a(strcpy.o)
 .text          0x0000d620        0x0 /usr/lib/gcc/avr/4.3.5/../../../avr/lib/avr5/libc.a(strncmp.o)
 .text          0x0000d620        0x0 /usr/lib/gcc/avr/4.3.5/../../../avr/lib/avr5/libc.a(strncpy.o)
 .text          0x0000d620        0x0 /usr/lib/gcc/avr/4.3.5/../../../avr/lib/avr5/libc.a(strrchr.o)
 .text          0x0000d620        0x0 /usr/lib/gcc/avr/4.3.5/../../../avr/lib/avr5/libc.a(strsep.o)
 .text          0x0000d620        0x0 /usr/lib/gcc/avr/4.3.5/../../../avr/lib/avr5/libc.a(mul10.o)
 .text          0x0000d620        0x0 /usr/lib/gcc/avr/4.3.5/../../../avr/lib/avr5/libc.a(iob.o)
 .text          0x0000d620        0x0 /usr/lib/gcc/avr/4.3.5/../../../avr/lib/avr5/libc.a(printf_p.o)
 .text          0x0000d620        0x0 /usr/lib/gcc/avr/4.3.5/../../../avr/lib/avr5/libc.a(sprintf_p.o)
 .text          0x0000d620        0x0 /usr/lib/gcc/avr/4.3.5/../../../avr/lib/avr5/libc.a(vsprintf_p.o)
 .text          0x0000d620        0x0 /usr/lib/gcc/avr/4.3.5/../../../avr/lib/avr5/libc.a(vfprintf_std.o)
 .text          0x0000d620        0x0 /usr/lib/gcc/avr/4.3.5/../../../avr/lib/avr5/libc.a(eerd_byte_atmega644p.o)
 .text          0x0000d620        0x0 /usr/lib/gcc/avr/4.3.5/../../../avr/lib/avr5/libc.a(eewr_byte_atmega644p.o)
 .text          0x0000d620        0x0 /usr/lib/gcc/avr/4.3.5/../../../avr/lib/avr5/libc.a(errno.o)
 .text          0x0000d620        0x0 /usr/lib/gcc/avr/4.3.5/../../../avr/lib/avr5/libc.a(isalnum.o)
 .text          0x0000d620        0x0 /usr/lib/gcc/avr/4.3.5/../../../avr/lib/avr5/libc.a(cty_isfalse.o)
 .text          0x0000d620        0x0 /usr/lib/gcc/avr/4.3.5/../../../avr/lib/avr5/libc.a(isalpha.o)
 .text          0x0000d620        0x0 /usr/lib/gcc/avr/4.3.5/../../../avr/lib/avr5/libc.a(strnlen_P.o)
 .text          0x0000d620        0x0 /usr/lib/gcc/avr/4.3.5/../../../avr/lib/avr5/libc.a(strnlen.o)
 .text          0x0000d620        0x0 /usr/lib/gcc/avr/4.3.5/../../../avr/lib/avr5/libc.a(fputc.o)
 .text          0x0000d620        0x0 /usr/lib/gcc/avr/4.3.5/../../../avr/lib/avr5/libc.a(ultoa_invert.o)
 .text          0x0000d620        0x0 /usr/lib/gcc/avr/4.3.5/avr5/libgcc.a(_prologue.o)
 .text          0x0000d620        0x0 /usr/lib/gcc/avr/4.3.5/avr5/libgcc.a(_epilogue.o)
                0x0000d620                . = ALIGN (0x2)
 *(.text.*)
 .text.libgcc   0x0000d620       0x3e /usr/lib/gcc/avr/4.3.5/avr5/libgcc.a(_mulsi3.o)
                0x0000d620                __mulsi3
 .text.libgcc   0x0000d65e       0x18 /usr/lib/gcc/avr/4.3.5/avr5/libgcc.a(_udivmodqi4.o)
                0x0000d65e                __udivmodqi4
 .text.libgcc   0x0000d676       0x28 /usr/lib/gcc/avr/4.3.5/avr5/libgcc.a(_udivmodhi4.o)
                0x0000d676                __udivmodhi4
 .text.libgcc   0x0000d69e       0x26 /usr/lib/gcc/avr/4.3.5/avr5/libgcc.a(_divmodhi4.o)
                0x0000d69e                __divmodhi4
                0x0000d69e                _div
 .text.libgcc   0x0000d6c4       0x44 /usr/lib/gcc/avr/4.3.5/avr5/libgcc.a(_udivmodsi4.o)
                0x0000d6c4                __udivmodsi4
 .text.libgcc   0x0000d708        0x0 /usr/lib/gcc/avr/4.3.5/avr5/libgcc.a(_exit.o)
 .text.libgcc   0x0000d708        0x0 /usr/lib/gcc/avr/4.3.5/avr5/libgcc.a(_copy_data.o)
 .text.libgcc   0x0000d708        0x0 /usr/lib/gcc/avr/4.3.5/avr5/libgcc.a(_clear_bss.o)
 .text.avr-libc
                0x0000d708      0x20a /usr/lib/gcc/avr/4.3.5/../../../avr/lib/avr5/libc.a(malloc.o)
                0x0000d708                malloc
                0x0000d862                free
 .text.avr-libc
                0x0000d912      0x1fc /usr/lib/gcc/avr/4.3.5/../../../avr/lib/avr5/libc.a(strtoul.o)
                0x0000d912                strtoul
 .text.avr-libc
                0x0000db0e       0x3c /usr/lib/gcc/avr/4.3.5/../../../avr/lib/avr5/libc.a(atoi.o)
                0x0000db0e                atoi
 .text.avr-libc
                0x0000db4a       0x10 /usr/lib/gcc/avr/4.3.5/../../../avr/lib/avr5/libc.a(isspace.o)
                0x0000db4a                isspace
 .text.avr-libc
                0x0000db5a       0x16 /usr/lib/gcc/avr/4.3.5/../../../avr/lib/avr5/libc.a(ispunct.o)
                0x0000db5a                ispunct
 .text.avr-libc
                0x0000db70       0x12 /usr/lib/gcc/avr/4.3.5/../../../avr/lib/avr5/libc.a(memcpy_P.o)
                0x0000db70                memcpy_P
 .text.avr-libc
                0x0000db82       0x26 /usr/lib/gcc/avr/4.3.5/../../../avr/lib/avr5/libc.a(strcasecmp_P.o)
                0x0000db82                strcasecmp_P
 .text.avr-libc
                0x0000dba8       0x16 /usr/lib/gcc/avr/4.3.5/../../../avr/lib/avr5/libc.a(strcat_P.o)
                0x0000dba8                strcat_P
 .text.avr-libc
                0x0000dbbe        0xe /usr/lib/gcc/avr/4.3.5/../../../avr/lib/avr5/libc.a(strcpy_P.o)
                0x0000dbbe                strcpy_P
 .text.avr-libc
                0x0000dbcc       0x12 /usr/lib/gcc/avr/4.3.5/../../../avr/lib/avr5/libc.a(strlen_P.o)
                0x0000dbcc                strlen_P
 .text.avr-libc
                0x0000dbde       0x30 /usr/lib/gcc/avr/4.3.5/../../../avr/lib/avr5/libc.a(strncasecmp_P.o)
                0x0000dbde                strncasecmp_P
 .text.avr-libc
                0x0000dc0e       0x1c /usr/lib/gcc/avr/4.3.5/../../../avr/lib/avr5/libc.a(strncmp_P.o)
                0x0000dc0e                strncmp_P
 .text.avr-libc
                0x0000dc2a       0x1e /usr/lib/gcc/avr/4.3.5/../../../avr/lib/avr5/libc.a(strncpy_P.o)
                0x0000dc2a                strncpy_P
 .text.avr-libc
                0x0000dc48       0x34 /usr/lib/gcc/avr/4.3.5/../../../avr/lib/avr5/libc.a(strstr_P.o)
                0x0000dc48                strstr_P
 .text.avr-libc
                0x0000dc7c       0x12 /usr/lib/gcc/avr/4.3.5/../../../avr/lib/avr5/libc.a(memcpy.o)
                0x0000dc7c                memcpy
 .text.avr-libc
                0x0000dc8e        0xe /usr/lib/gcc/avr/4.3.5/../../../avr/lib/avr5/libc.a(memset.o)
                0x0000dc8e                memset
 .text.avr-libc
                0x0000dc9c       0x26 /usr/lib/gcc/avr/4.3.5/../../../avr/lib/avr5/libc.a(strcasecmp.o)
                0x0000dc9c                strcasecmp
 .text.avr-libc
                0x0000dcc2       0x4a /usr/lib/gcc/avr/4.3.5/../../../avr/lib/avr5/libc.a(strcasestr_P.o)
                0x0000dcc2                strcasestr_P
 .text.avr-libc
                0x0000dd0c       0x16 /usr/lib/gcc/avr/4.3.5/../../../avr/lib/avr5/libc.a(strcat.o)
                0x0000dd0c                strcat
 .text.avr-libc
                0x0000dd22       0x16 /usr/lib/gcc/avr/4.3.5/../../../avr/lib/avr5/libc.a(strchr.o)
                0x0000dd22                strchr
 .text.avr-libc
                0x0000dd38       0x10 /usr/lib/gcc/avr/4.3.5/../../../avr/lib/avr5/libc.a(strchrnul.o)
                0x0000dd38                strchrnul
 .text.avr-libc
                0x0000dd48       0x12 /usr/lib/gcc/avr/4.3.5/../../../avr/lib/avr5/libc.a(strcmp.o)
                0x0000dd48                strcmp
 .text.avr-libc
                0x0000dd5a        0xe /usr/lib/gcc/avr/4.3.5/../../../avr/lib/avr5/libc.a(strcpy.o)
                0x0000dd5a                strcpy
 .text.avr-libc
                0x0000dd68       0x1c /usr/lib/gcc/avr/4.3.5/../../../avr/lib/avr5/libc.a(strncmp.o)
                0x0000dd68                strncmp
 .text.avr-libc
                0x0000dd84       0x1e /usr/lib/gcc/avr/4.3.5/../../../avr/lib/avr5/libc.a(strncpy.o)
                0x0000dd84                strncpy
 .text.avr-libc
                0x0000dda2       0x16 /usr/lib/gcc/avr/4.3.5/../../../avr/lib/avr5/libc.a(strrchr.o)
                0x0000dda2                strrchr
 .text.avr-libc
                0x0000ddb8       0x30 /usr/lib/gcc/avr/4.3.5/../../../avr/lib/avr5/libc.a(strsep.o)
                0x0000ddb8                strsep
 .text.avr-libc
                0x0000dde8       0x10 /usr/lib/gcc/avr/4.3.5/../../../avr/lib/avr5/libc.a(mul10.o)
                0x0000dde8                __mulhi_const_10
 .text.avr-libc
                0x0000ddf8       0x4c /usr/lib/gcc/avr/4.3.5/../../../avr/lib/avr5/libc.a(printf_p.o)
                0x0000ddf8                printf_P
 .text.avr-libc
                0x0000de44       0x48 /usr/lib/gcc/avr/4.3.5/../../../avr/lib/avr5/libc.a(sprintf_p.o)
                0x0000de44                sprintf_P
 .text.avr-libc
                0x0000de8c       0x38 /usr/lib/gcc/avr/4.3.5/../../../avr/lib/avr5/libc.a(vsprintf_p.o)
                0x0000de8c                vsprintf_P
 .text.avr-libc
                0x0000dec4      0x3ba /usr/lib/gcc/avr/4.3.5/../../../avr/lib/avr5/libc.a(vfprintf_std.o)
                0x0000dec4                vfprintf
 .text.avr-libc
                0x0000e27e       0x10 /usr/lib/gcc/avr/4.3.5/../../../avr/lib/avr5/libc.a(eerd_byte_atmega644p.o)
                0x0000e27e                __eerd_byte_m644p
 .text.avr-libc
                0x0000e28e       0x1c /usr/lib/gcc/avr/4.3.5/../../../avr/lib/avr5/libc.a(eewr_byte_atmega644p.o)
                0x0000e28e                __eewr_byte_m644p
                0x0000e290                __eewr_r18_m644p
 .text.avr-libc
                0x0000e2aa       0x10 /usr/lib/gcc/avr/4.3.5/../../../avr/lib/avr5/libc.a(isalnum.o)
                0x0000e2aa                isalnum
 .text.avr-libc
                0x0000e2ba        0x6 /usr/lib/gcc/avr/4.3.5/../../../avr/lib/avr5/libc.a(cty_isfalse.o)
                0x0000e2ba                __ctype_isfalse
                0x0000e2be                __ctype_istrue
 .text.avr-libc
                0x0000e2c0       0x12 /usr/lib/gcc/avr/4.3.5/../../../avr/lib/avr5/libc.a(isalpha.o)
                0x0000e2c0                isupper
                0x0000e2c4                isalpha
                0x0000e2c6                islower
 .text.avr-libc
                0x0000e2d2       0x16 /usr/lib/gcc/avr/4.3.5/../../../avr/lib/avr5/libc.a(strnlen_P.o)
                0x0000e2d2                strnlen_P
 .text.avr-libc
                0x0000e2e8       0x16 /usr/lib/gcc/avr/4.3.5/../../../avr/lib/avr5/libc.a(strnlen.o)
                0x0000e2e8                strnlen
 .text.avr-libc
                0x0000e2fe       0x58 /usr/lib/gcc/avr/4.3.5/../../../avr/lib/avr5/libc.a(fputc.o)
                0x0000e2fe                fputc
 .text.avr-libc
                0x0000e356       0xbc /usr/lib/gcc/avr/4.3.5/../../../avr/lib/avr5/libc.a(ultoa_invert.o)
                0x0000e356                __ultoa_invert
 .text.libgcc   0x0000e412       0x38 /usr/lib/gcc/avr/4.3.5/avr5/libgcc.a(_prologue.o)
                0x0000e412                __prologue_saves__
 .text.libgcc   0x0000e44a       0x36 /usr/lib/gcc/avr/4.3.5/avr5/libgcc.a(_epilogue.o)
                0x0000e44a                __epilogue_restores__
                0x0000e480                . = ALIGN (0x2)
 *(.fini9)
 .fini9         0x0000e480        0x0 /usr/lib/gcc/avr/4.3.5/avr5/libgcc.a(_exit.o)
                0x0000e480                exit
                0x0000e480                _exit
 *(.fini9)
 *(.fini8)
 *(.fini8)
 *(.fini7)
 *(.fini7)
 *(.fini6)
 *(.fini6)
 *(.fini5)
 *(.fini5)
 *(.fini4)
 *(.fini4)
 *(.fini3)
 *(.fini3)
 *(.fini2)
 *(.fini2)
 *(.fini1)
 *(.fini1)
 *(.fini0)
 .fini0         0x0000e480        0x4 /usr/lib/gcc/avr/4.3.5/avr5/libgcc.a(_exit.o)
 *(.fini0)
                0x0000e484                _etext = .

.data           0x00800100       0xda load address 0x0000e484
                0x00800100                PROVIDE (__data_start, .)
 *(.data)
 .data          0x00800100        0x0 /usr/lib/gcc/avr/4.3.5/../../../avr/lib/avr5/crtm644p.o
 .data          0x00800100       0x22 main.o
                0x00800100                var_array
                0x00800114                usart_out
 .data          0x00800122        0x4 usart.o
                0x00800122                rx_buffer_pointer_in
                0x00800124                rx_buffer_pointer_out
 .data          0x00800126        0x0 stack.o
 .data          0x00800126        0x2 timer.o
                0x00800126                tmcount
 .data          0x00800128        0x0 base64.o
 .data          0x00800128        0x0 networkcard/enc28j60.o
 .data          0x00800128       0x20 httpd.o
                0x00800139                post_in
                0x0080013e                post_ready
                0x00800143                rx_header_end
 .data          0x00800148        0x0 telnetd.o
 .data          0x00800148       0x17 ntp.o
 .data          0x0080015f        0x0 lcd.o
 .data          0x0080015f        0x0 wol.o
 .data          0x0080015f        0x0 http_get.o
 .data          0x0080015f        0x0 analog.o
 .data          0x0080015f        0xb sendmail.o
 .data          0x0080016a        0x0 dns.o
 .data          0x0080016a        0x0 translate.o
 .data          0x0080016a        0x0 camera/cam.o
 .data          0x0080016a        0x0 camera/servo.o
 .data          0x0080016a        0xa tcpservice/tcpcmd.o
 .data          0x00800174        0x4 tcpservice/tcpsrv.o
 .data          0x00800178       0x40 sdkarte/sdcard.o
                0x00800178                cwdirectory
 .data          0x008001b8        0xd sdkarte/fat16.o
 .data          0x008001c5        0x2 sdkarte/sd.o
 .data          0x008001c7        0x0 sdkarte/sd_raw.o
 .data          0x008001c7        0x0 sdkarte/partition.o
 .data          0x008001c7        0x0 sdkarte/spi.o
 .data          0x008001c7        0xc messung.o
 .data          0x008001d3        0x0 1-wire/crc8.o
 .data          0x008001d3        0x0 1-wire/onewire.o
 .data          0x008001d3        0x0 1-wire/ds18x20.o
 .data          0x008001d3        0x0 rc5/rc5.o
 .data          0x008001d3        0x0 /usr/lib/gcc/avr/4.3.5/avr5/libgcc.a(_mulsi3.o)
 .data          0x008001d3        0x0 /usr/lib/gcc/avr/4.3.5/avr5/libgcc.a(_udivmodqi4.o)
 .data          0x008001d3        0x0 /usr/lib/gcc/avr/4.3.5/avr5/libgcc.a(_udivmodhi4.o)
 .data          0x008001d3        0x0 /usr/lib/gcc/avr/4.3.5/avr5/libgcc.a(_divmodhi4.o)
 .data          0x008001d3        0x0 /usr/lib/gcc/avr/4.3.5/avr5/libgcc.a(_udivmodsi4.o)
 .data          0x008001d3        0x0 /usr/lib/gcc/avr/4.3.5/avr5/libgcc.a(_exit.o)
 .data          0x008001d3        0x0 /usr/lib/gcc/avr/4.3.5/avr5/libgcc.a(_copy_data.o)
 .data          0x008001d3        0x0 /usr/lib/gcc/avr/4.3.5/avr5/libgcc.a(_clear_bss.o)
 .data          0x008001d3        0x6 /usr/lib/gcc/avr/4.3.5/../../../avr/lib/avr5/libc.a(malloc.o)
                0x008001d3                __malloc_margin
                0x008001d5                __malloc_heap_start
                0x008001d7                __malloc_heap_end
 .data          0x008001d9        0x0 /usr/lib/gcc/avr/4.3.5/../../../avr/lib/avr5/libc.a(strtoul.o)
 .data          0x008001d9        0x0 /usr/lib/gcc/avr/4.3.5/../../../avr/lib/avr5/libc.a(atoi.o)
 .data          0x008001d9        0x0 /usr/lib/gcc/avr/4.3.5/../../../avr/lib/avr5/libc.a(isspace.o)
 .data          0x008001d9        0x0 /usr/lib/gcc/avr/4.3.5/../../../avr/lib/avr5/libc.a(ispunct.o)
 .data          0x008001d9        0x0 /usr/lib/gcc/avr/4.3.5/../../../avr/lib/avr5/libc.a(memcpy_P.o)
 .data          0x008001d9        0x0 /usr/lib/gcc/avr/4.3.5/../../../avr/lib/avr5/libc.a(strcasecmp_P.o)
 .data          0x008001d9        0x0 /usr/lib/gcc/avr/4.3.5/../../../avr/lib/avr5/libc.a(strcat_P.o)
 .data          0x008001d9        0x0 /usr/lib/gcc/avr/4.3.5/../../../avr/lib/avr5/libc.a(strcpy_P.o)
 .data          0x008001d9        0x0 /usr/lib/gcc/avr/4.3.5/../../../avr/lib/avr5/libc.a(strlen_P.o)
 .data          0x008001d9        0x0 /usr/lib/gcc/avr/4.3.5/../../../avr/lib/avr5/libc.a(strncasecmp_P.o)
 .data          0x008001d9        0x0 /usr/lib/gcc/avr/4.3.5/../../../avr/lib/avr5/libc.a(strncmp_P.o)
 .data          0x008001d9        0x0 /usr/lib/gcc/avr/4.3.5/../../../avr/lib/avr5/libc.a(strncpy_P.o)
 .data          0x008001d9        0x0 /usr/lib/gcc/avr/4.3.5/../../../avr/lib/avr5/libc.a(strstr_P.o)
 .data          0x008001d9        0x0 /usr/lib/gcc/avr/4.3.5/../../../avr/lib/avr5/libc.a(memcpy.o)
 .data          0x008001d9        0x0 /usr/lib/gcc/avr/4.3.5/../../../avr/lib/avr5/libc.a(memset.o)
 .data          0x008001d9        0x0 /usr/lib/gcc/avr/4.3.5/../../../avr/lib/avr5/libc.a(strcasecmp.o)
 .data          0x008001d9        0x0 /usr/lib/gcc/avr/4.3.5/../../../avr/lib/avr5/libc.a(strcasestr_P.o)
 .data          0x008001d9        0x0 /usr/lib/gcc/avr/4.3.5/../../../avr/lib/avr5/libc.a(strcat.o)
 .data          0x008001d9        0x0 /usr/lib/gcc/avr/4.3.5/../../../avr/lib/avr5/libc.a(strchr.o)
 .data          0x008001d9        0x0 /usr/lib/gcc/avr/4.3.5/../../../avr/lib/avr5/libc.a(strchrnul.o)
 .data          0x008001d9        0x0 /usr/lib/gcc/avr/4.3.5/../../../avr/lib/avr5/libc.a(strcmp.o)
 .data          0x008001d9        0x0 /usr/lib/gcc/avr/4.3.5/../../../avr/lib/avr5/libc.a(strcpy.o)
 .data          0x008001d9        0x0 /usr/lib/gcc/avr/4.3.5/../../../avr/lib/avr5/libc.a(strncmp.o)
 .data          0x008001d9        0x0 /usr/lib/gcc/avr/4.3.5/../../../avr/lib/avr5/libc.a(strncpy.o)
 .data          0x008001d9        0x0 /usr/lib/gcc/avr/4.3.5/../../../avr/lib/avr5/libc.a(strrchr.o)
 .data          0x008001d9        0x0 /usr/lib/gcc/avr/4.3.5/../../../avr/lib/avr5/libc.a(strsep.o)
 .data          0x008001d9        0x0 /usr/lib/gcc/avr/4.3.5/../../../avr/lib/avr5/libc.a(mul10.o)
 .data          0x008001d9        0x0 /usr/lib/gcc/avr/4.3.5/../../../avr/lib/avr5/libc.a(iob.o)
 .data          0x008001d9        0x0 /usr/lib/gcc/avr/4.3.5/../../../avr/lib/avr5/libc.a(printf_p.o)
 .data          0x008001d9        0x0 /usr/lib/gcc/avr/4.3.5/../../../avr/lib/avr5/libc.a(sprintf_p.o)
 .data          0x008001d9        0x0 /usr/lib/gcc/avr/4.3.5/../../../avr/lib/avr5/libc.a(vsprintf_p.o)
 .data          0x008001d9        0x0 /usr/lib/gcc/avr/4.3.5/../../../avr/lib/avr5/libc.a(vfprintf_std.o)
 .data          0x008001d9        0x0 /usr/lib/gcc/avr/4.3.5/../../../avr/lib/avr5/libc.a(eerd_byte_atmega644p.o)
 .data          0x008001d9        0x0 /usr/lib/gcc/avr/4.3.5/../../../avr/lib/avr5/libc.a(eewr_byte_atmega644p.o)
 .data          0x008001d9        0x0 /usr/lib/gcc/avr/4.3.5/../../../avr/lib/avr5/libc.a(errno.o)
 .data          0x008001d9        0x0 /usr/lib/gcc/avr/4.3.5/../../../avr/lib/avr5/libc.a(isalnum.o)
 .data          0x008001d9        0x0 /usr/lib/gcc/avr/4.3.5/../../../avr/lib/avr5/libc.a(cty_isfalse.o)
 .data          0x008001d9        0x0 /usr/lib/gcc/avr/4.3.5/../../../avr/lib/avr5/libc.a(isalpha.o)
 .data          0x008001d9        0x0 /usr/lib/gcc/avr/4.3.5/../../../avr/lib/avr5/libc.a(strnlen_P.o)
 .data          0x008001d9        0x0 /usr/lib/gcc/avr/4.3.5/../../../avr/lib/avr5/libc.a(strnlen.o)
 .data          0x008001d9        0x0 /usr/lib/gcc/avr/4.3.5/../../../avr/lib/avr5/libc.a(fputc.o)
 .data          0x008001d9        0x0 /usr/lib/gcc/avr/4.3.5/../../../avr/lib/avr5/libc.a(ultoa_invert.o)
 .data          0x008001d9        0x0 /usr/lib/gcc/avr/4.3.5/avr5/libgcc.a(_prologue.o)
 .data          0x008001d9        0x0 /usr/lib/gcc/avr/4.3.5/avr5/libgcc.a(_epilogue.o)
 *(.data*)
 *(.rodata)
 *(.rodata*)
 *(.gnu.linkonce.d*)
                0x008001da                . = ALIGN (0x2)
 *fill*         0x008001d9        0x1 00
                0x008001da                _edata = .
                0x008001da                PROVIDE (__data_end, .)

.bss            0x008001da      0xbff
                0x008001da                PROVIDE (__bss_start, .)
 *(.bss)
 .bss           0x008001da        0x0 /usr/lib/gcc/avr/4.3.5/../../../avr/lib/avr5/crtm644p.o
 .bss           0x008001da        0x0 main.o
 .bss           0x008001da        0x1 usart.o
                0x008001da                buffercounter
 .bss           0x008001db       0x32 stack.o
                0x008001db                TCP_PORT_TABLE
                0x008001f3                UDP_PORT_TABLE
                0x0080020b                IP_id_counter
 .bss           0x0080020d        0x4 timer.o
                0x0080020d                time_watchdog
 .bss           0x00800211        0x0 base64.o
 .bss           0x00800211        0x4 networkcard/enc28j60.o
                0x00800211                enc_revid
 .bss           0x00800215        0x1 httpd.o
                0x00800215                PORT_tmp
 .bss           0x00800216        0x0 telnetd.o
 .bss           0x00800216        0x0 ntp.o
 .bss           0x00800216        0x0 lcd.o
 .bss           0x00800216        0x0 wol.o
 .bss           0x00800216        0x2 http_get.o
                0x00800216                http_get_state
 .bss           0x00800218        0x0 analog.o
 .bss           0x00800218        0x0 sendmail.o
 .bss           0x00800218        0x2 dns.o
 .bss           0x0080021a        0x0 translate.o
 .bss           0x0080021a        0x0 camera/cam.o
 .bss           0x0080021a        0x0 camera/servo.o
 .bss           0x0080021a        0x0 tcpservice/tcpcmd.o
 .bss           0x0080021a        0x0 tcpservice/tcpsrv.o
 .bss           0x0080021a        0x0 sdkarte/sdcard.o
 .bss           0x0080021a      0x206 sdkarte/fat16.o
 .bss           0x00800420        0x6 sdkarte/sd.o
 .bss           0x00800426      0x205 sdkarte/sd_raw.o
 .bss           0x0080062b       0x11 sdkarte/partition.o
 .bss           0x0080063c        0x0 sdkarte/spi.o
 .bss           0x0080063c        0x0 messung.o
 .bss           0x0080063c        0x0 1-wire/crc8.o
 .bss           0x0080063c        0x0 1-wire/onewire.o
 .bss           0x0080063c        0x0 1-wire/ds18x20.o
 .bss           0x0080063c        0x0 rc5/rc5.o
 .bss           0x0080063c        0x0 /usr/lib/gcc/avr/4.3.5/avr5/libgcc.a(_mulsi3.o)
 .bss           0x0080063c        0x0 /usr/lib/gcc/avr/4.3.5/avr5/libgcc.a(_udivmodqi4.o)
 .bss           0x0080063c        0x0 /usr/lib/gcc/avr/4.3.5/avr5/libgcc.a(_udivmodhi4.o)
 .bss           0x0080063c        0x0 /usr/lib/gcc/avr/4.3.5/avr5/libgcc.a(_divmodhi4.o)
 .bss           0x0080063c        0x0 /usr/lib/gcc/avr/4.3.5/avr5/libgcc.a(_udivmodsi4.o)
 .bss           0x0080063c        0x0 /usr/lib/gcc/avr/4.3.5/avr5/libgcc.a(_exit.o)
 .bss           0x0080063c        0x0 /usr/lib/gcc/avr/4.3.5/avr5/libgcc.a(_copy_data.o)
 .bss           0x0080063c        0x0 /usr/lib/gcc/avr/4.3.5/avr5/libgcc.a(_clear_bss.o)
 .bss           0x0080063c        0x0 /usr/lib/gcc/avr/4.3.5/../../../avr/lib/avr5/libc.a(malloc.o)
 .bss           0x0080063c        0x0 /usr/lib/gcc/avr/4.3.5/../../../avr/lib/avr5/libc.a(strtoul.o)
 .bss           0x0080063c        0x0 /usr/lib/gcc/avr/4.3.5/../../../avr/lib/avr5/libc.a(atoi.o)
 .bss           0x0080063c        0x0 /usr/lib/gcc/avr/4.3.5/../../../avr/lib/avr5/libc.a(isspace.o)
 .bss           0x0080063c        0x0 /usr/lib/gcc/avr/4.3.5/../../../avr/lib/avr5/libc.a(ispunct.o)
 .bss           0x0080063c        0x0 /usr/lib/gcc/avr/4.3.5/../../../avr/lib/avr5/libc.a(memcpy_P.o)
 .bss           0x0080063c        0x0 /usr/lib/gcc/avr/4.3.5/../../../avr/lib/avr5/libc.a(strcasecmp_P.o)
 .bss           0x0080063c        0x0 /usr/lib/gcc/avr/4.3.5/../../../avr/lib/avr5/libc.a(strcat_P.o)
 .bss           0x0080063c        0x0 /usr/lib/gcc/avr/4.3.5/../../../avr/lib/avr5/libc.a(strcpy_P.o)
 .bss           0x0080063c        0x0 /usr/lib/gcc/avr/4.3.5/../../../avr/lib/avr5/libc.a(strlen_P.o)
 .bss           0x0080063c        0x0 /usr/lib/gcc/avr/4.3.5/../../../avr/lib/avr5/libc.a(strncasecmp_P.o)
 .bss           0x0080063c        0x0 /usr/lib/gcc/avr/4.3.5/../../../avr/lib/avr5/libc.a(strncmp_P.o)
 .bss           0x0080063c        0x0 /usr/lib/gcc/avr/4.3.5/../../../avr/lib/avr5/libc.a(strncpy_P.o)
 .bss           0x0080063c        0x0 /usr/lib/gcc/avr/4.3.5/../../../avr/lib/avr5/libc.a(strstr_P.o)
 .bss           0x0080063c        0x0 /usr/lib/gcc/avr/4.3.5/../../../avr/lib/avr5/libc.a(memcpy.o)
 .bss           0x0080063c        0x0 /usr/lib/gcc/avr/4.3.5/../../../avr/lib/avr5/libc.a(memset.o)
 .bss           0x0080063c        0x0 /usr/lib/gcc/avr/4.3.5/../../../avr/lib/avr5/libc.a(strcasecmp.o)
 .bss           0x0080063c        0x0 /usr/lib/gcc/avr/4.3.5/../../../avr/lib/avr5/libc.a(strcasestr_P.o)
 .bss           0x0080063c        0x0 /usr/lib/gcc/avr/4.3.5/../../../avr/lib/avr5/libc.a(strcat.o)
 .bss           0x0080063c        0x0 /usr/lib/gcc/avr/4.3.5/../../../avr/lib/avr5/libc.a(strchr.o)
 .bss           0x0080063c        0x0 /usr/lib/gcc/avr/4.3.5/../../../avr/lib/avr5/libc.a(strchrnul.o)
 .bss           0x0080063c        0x0 /usr/lib/gcc/avr/4.3.5/../../../avr/lib/avr5/libc.a(strcmp.o)
 .bss           0x0080063c        0x0 /usr/lib/gcc/avr/4.3.5/../../../avr/lib/avr5/libc.a(strcpy.o)
 .bss           0x0080063c        0x0 /usr/lib/gcc/avr/4.3.5/../../../avr/lib/avr5/libc.a(strncmp.o)
 .bss           0x0080063c        0x0 /usr/lib/gcc/avr/4.3.5/../../../avr/lib/avr5/libc.a(strncpy.o)
 .bss           0x0080063c        0x0 /usr/lib/gcc/avr/4.3.5/../../../avr/lib/avr5/libc.a(strrchr.o)
 .bss           0x0080063c        0x0 /usr/lib/gcc/avr/4.3.5/../../../avr/lib/avr5/libc.a(strsep.o)
 .bss           0x0080063c        0x0 /usr/lib/gcc/avr/4.3.5/../../../avr/lib/avr5/libc.a(mul10.o)
 .bss           0x0080063c        0x0 /usr/lib/gcc/avr/4.3.5/../../../avr/lib/avr5/libc.a(iob.o)
 .bss           0x0080063c        0x0 /usr/lib/gcc/avr/4.3.5/../../../avr/lib/avr5/libc.a(printf_p.o)
 .bss           0x0080063c        0x0 /usr/lib/gcc/avr/4.3.5/../../../avr/lib/avr5/libc.a(sprintf_p.o)
 .bss           0x0080063c        0x0 /usr/lib/gcc/avr/4.3.5/../../../avr/lib/avr5/libc.a(vsprintf_p.o)
 .bss           0x0080063c        0x0 /usr/lib/gcc/avr/4.3.5/../../../avr/lib/avr5/libc.a(vfprintf_std.o)
 .bss           0x0080063c        0x0 /usr/lib/gcc/avr/4.3.5/../../../avr/lib/avr5/libc.a(eerd_byte_atmega644p.o)
 .bss           0x0080063c        0x0 /usr/lib/gcc/avr/4.3.5/../../../avr/lib/avr5/libc.a(eewr_byte_atmega644p.o)
 .bss           0x0080063c        0x0 /usr/lib/gcc/avr/4.3.5/../../../avr/lib/avr5/libc.a(errno.o)
 .bss           0x0080063c        0x0 /usr/lib/gcc/avr/4.3.5/../../../avr/lib/avr5/libc.a(isalnum.o)
 .bss           0x0080063c        0x0 /usr/lib/gcc/avr/4.3.5/../../../avr/lib/avr5/libc.a(cty_isfalse.o)
 .bss           0x0080063c        0x0 /usr/lib/gcc/avr/4.3.5/../../../avr/lib/avr5/libc.a(isalpha.o)
 .bss           0x0080063c        0x0 /usr/lib/gcc/avr/4.3.5/../../../avr/lib/avr5/libc.a(strnlen_P.o)
 .bss           0x0080063c        0x0 /usr/lib/gcc/avr/4.3.5/../../../avr/lib/avr5/libc.a(strnlen.o)
 .bss           0x0080063c        0x0 /usr/lib/gcc/avr/4.3.5/../../../avr/lib/avr5/libc.a(fputc.o)
 .bss           0x0080063c        0x0 /usr/lib/gcc/avr/4.3.5/../../../avr/lib/avr5/libc.a(ultoa_invert.o)
 .bss           0x0080063c        0x0 /usr/lib/gcc/avr/4.3.5/avr5/libgcc.a(_prologue.o)
 .bss           0x0080063c        0x0 /usr/lib/gcc/avr/4.3.5/avr5/libgcc.a(_epilogue.o)
 *(.bss*)
 *(COMMON)
 COMMON         0x0080063c      0x5b9 main.o
                0x0080063c                machineStatus
                0x00800650                ntp_server_ip
                0x00800654                anlagenSollStatus
                0x00800656                eth_buffer
                0x00800b07                arp_entry
                0x00800b43                retransmission_pointer
                0x00800b45                eth
                0x00800b46                myip
                0x00800b4a                ntp_timer
                0x00800b4c                router_ip
                0x00800b50                netmask
                0x00800b54                tcp_entry
                0x00800bd8                telnetd_status
                0x00800bd9                logStatus
                0x00800beb                anlagenStatus
 COMMON         0x00800bf5       0x33 usart.o
                0x00800bf5                usart_status
                0x00800bf6                usart_rx_buffer
 COMMON         0x00800c28        0x6 stack.o
                0x00800c28                ping
 COMMON         0x00800c2e       0x4e timer.o
                0x00800c2e                timerT
                0x00800c30                TM_DOW
                0x00800c31                TM_YY
                0x00800c32                TM_MM
                0x00800c33                TM_Schaltzeit
                0x00800c73                TM_ss
                0x00800c74                TM_mm
                0x00800c75                TM_hh
                0x00800c76                TM_DS
                0x00800c77                time
                0x00800c7b                TM_DD
 COMMON         0x00800c7c        0x6 networkcard/enc28j60.o
                0x00800c7c                mymac
 COMMON         0x00800c82       0xd7 httpd.o
                0x00800c82                http_auth_passwort
                0x00800c96                http_entry
 COMMON         0x00800d59        0xd sendmail.o
                0x00800d59                sm_status
 COMMON         0x00800d66        0x8 dns.o
                0x00800d66                dnsQueryIP
                0x00800d6a                dns_server_ip
 COMMON         0x00800d6e        0x2 tcpservice/tcpcmd.o
                0x00800d6e                argv
 COMMON         0x00800d70       0x5b tcpservice/tcpsrv.o
                0x00800d70                tcpsrv_status
 COMMON         0x00800dcb        0x2 sdkarte/sdcard.o
                0x00800dcb                cwdir_ptr
 COMMON         0x00800dcd        0x4 /usr/lib/gcc/avr/4.3.5/../../../avr/lib/avr5/libc.a(malloc.o)
                0x00800dcd                __brkval
                0x00800dcf                __flp
 COMMON         0x00800dd1        0x6 /usr/lib/gcc/avr/4.3.5/../../../avr/lib/avr5/libc.a(iob.o)
                0x00800dd1                __iob
 COMMON         0x00800dd7        0x2 /usr/lib/gcc/avr/4.3.5/../../../avr/lib/avr5/libc.a(errno.o)
                0x00800dd7                errno
                0x00800dd9                PROVIDE (__bss_end, .)
                0x0000e484                __data_load_start = LOADADDR (.data)
                0x0000e55e                __data_load_end = (__data_load_start + SIZEOF (.data))

.noinit         0x00800dd9        0x0
                0x00800dd9                PROVIDE (__noinit_start, .)
 *(.noinit*)
                0x00800dd9                PROVIDE (__noinit_end, .)
                0x00800dd9                _end = .
                0x00800dd9                PROVIDE (__heap_start, .)

.eeprom         0x00810000        0x0
 *(.eeprom*)
                0x00810000                __eeprom_end = .

.fuse
 *(.fuse)
 *(.lfuse)
 *(.hfuse)
 *(.efuse)

.lock
 *(.lock*)

.signature
 *(.signature*)

.stab           0x00000000    0x18690
 *(.stab)
 .stab          0x00000000      0x6b4 /usr/lib/gcc/avr/4.3.5/../../../avr/lib/avr5/crtm644p.o
 .stab          0x000006b4      0xc9c main.o
                                0xca8 (size before relaxing)
 .stab          0x00001350      0x4c8 usart.o
                                0x84c (size before relaxing)
 .stab          0x00001818     0x2154 stack.o
                               0x2544 (size before relaxing)
 .stab          0x0000396c      0xdc8 timer.o
                               0x11e8 (size before relaxing)
 .stab          0x00004734      0x2d0 base64.o
                                0x528 (size before relaxing)
 .stab          0x00004a04      0xed0 networkcard/enc28j60.o
                               0x1164 (size before relaxing)
 .stab          0x000058d4      0xfc0 httpd.o
                               0x13e0 (size before relaxing)
 .stab          0x00006894      0x57c telnetd.o
                                0x984 (size before relaxing)
 .stab          0x00006e10      0x624 ntp.o
                                0x9e4 (size before relaxing)
 .stab          0x00007434      0x108 lcd.o
                                0x330 (size before relaxing)
 .stab          0x0000753c      0x120 wol.o
                                0x348 (size before relaxing)
 .stab          0x0000765c      0x4e0 http_get.o
                                0x8dc (size before relaxing)
 .stab          0x00007b3c      0x150 analog.o
                                0x474 (size before relaxing)
 .stab          0x00007c8c      0xad4 sendmail.o
                                0xf18 (size before relaxing)
 .stab          0x00008760      0x930 dns.o
                                0xd2c (size before relaxing)
 .stab          0x00009090      0x678 translate.o
                                0xa2c (size before relaxing)
 .stab          0x00009708      0x204 camera/cam.o
                                0x3cc (size before relaxing)
 .stab          0x0000990c      0x150 camera/servo.o
                                0x3cc (size before relaxing)
 .stab          0x00009a5c     0x2c1c tcpservice/tcpcmd.o
                               0x2f10 (size before relaxing)
 .stab          0x0000c678      0xcfc tcpservice/tcpsrv.o
                               0x1170 (size before relaxing)
 .stab          0x0000d374      0xdf8 sdkarte/sdcard.o
                               0x10c8 (size before relaxing)
 .stab          0x0000e16c     0x2cc4 sdkarte/fat16.o
                               0x2e50 (size before relaxing)
 .stab          0x00010e30      0x4a4 sdkarte/sd.o
                                0x6fc (size before relaxing)
 .stab          0x000112d4      0xf30 sdkarte/sd_raw.o
                               0x1110 (size before relaxing)
 .stab          0x00012204      0x2f4 sdkarte/partition.o
                                0x4e0 (size before relaxing)
 .stab          0x000124f8      0x48c sdkarte/spi.o
                                0x648 (size before relaxing)
 .stab          0x00012984      0x924 messung.o
                                0xd80 (size before relaxing)
 .stab          0x000132a8      0x240 1-wire/crc8.o
                                0x3a8 (size before relaxing)
 .stab          0x000134e8      0x924 1-wire/onewire.o
                                0xb28 (size before relaxing)
 .stab          0x00013e0c      0xc54 1-wire/ds18x20.o
                                0xffc (size before relaxing)
 .stab          0x00014a60      0x210 rc5/rc5.o
                                0x420 (size before relaxing)
 .stab          0x00014c70      0x6cc /usr/lib/gcc/avr/4.3.5/../../../avr/lib/avr5/libc.a(malloc.o)
                                0x6fc (size before relaxing)
 .stab          0x0001533c      0x384 /usr/lib/gcc/avr/4.3.5/../../../avr/lib/avr5/libc.a(strtoul.o)
                                0x3e4 (size before relaxing)
 .stab          0x000156c0      0x174 /usr/lib/gcc/avr/4.3.5/../../../avr/lib/avr5/libc.a(atoi.o)
                                0x180 (size before relaxing)
 .stab          0x00015834       0x9c /usr/lib/gcc/avr/4.3.5/../../../avr/lib/avr5/libc.a(isspace.o)
                                 0xa8 (size before relaxing)
 .stab          0x000158d0       0xc0 /usr/lib/gcc/avr/4.3.5/../../../avr/lib/avr5/libc.a(ispunct.o)
                                 0xcc (size before relaxing)
 .stab          0x00015990       0x84 /usr/lib/gcc/avr/4.3.5/../../../avr/lib/avr5/libc.a(memcpy_P.o)
                                 0x90 (size before relaxing)
 .stab          0x00015a14       0xfc /usr/lib/gcc/avr/4.3.5/../../../avr/lib/avr5/libc.a(strcasecmp_P.o)
                                0x108 (size before relaxing)
 .stab          0x00015b10       0x9c /usr/lib/gcc/avr/4.3.5/../../../avr/lib/avr5/libc.a(strcat_P.o)
                                 0xa8 (size before relaxing)
 .stab          0x00015bac       0x6c /usr/lib/gcc/avr/4.3.5/../../../avr/lib/avr5/libc.a(strcpy_P.o)
                                 0x78 (size before relaxing)
 .stab          0x00015c18       0x84 /usr/lib/gcc/avr/4.3.5/../../../avr/lib/avr5/libc.a(strlen_P.o)
                                 0x90 (size before relaxing)
 .stab          0x00015c9c      0x138 /usr/lib/gcc/avr/4.3.5/../../../avr/lib/avr5/libc.a(strncasecmp_P.o)
                                0x144 (size before relaxing)
 .stab          0x00015dd4       0xc0 /usr/lib/gcc/avr/4.3.5/../../../avr/lib/avr5/libc.a(strncmp_P.o)
                                 0xcc (size before relaxing)
 .stab          0x00015e94       0xcc /usr/lib/gcc/avr/4.3.5/../../../avr/lib/avr5/libc.a(strncpy_P.o)
                                 0xd8 (size before relaxing)
 .stab          0x00015f60      0x150 /usr/lib/gcc/avr/4.3.5/../../../avr/lib/avr5/libc.a(strstr_P.o)
                                0x15c (size before relaxing)
 .stab          0x000160b0       0x84 /usr/lib/gcc/avr/4.3.5/../../../avr/lib/avr5/libc.a(memcpy.o)
                                 0x90 (size before relaxing)
 .stab          0x00016134       0x6c /usr/lib/gcc/avr/4.3.5/../../../avr/lib/avr5/libc.a(memset.o)
                                 0x78 (size before relaxing)
 .stab          0x000161a0       0xfc /usr/lib/gcc/avr/4.3.5/../../../avr/lib/avr5/libc.a(strcasecmp.o)
                                0x108 (size before relaxing)
 .stab          0x0001629c      0x1ec /usr/lib/gcc/avr/4.3.5/../../../avr/lib/avr5/libc.a(strcasestr_P.o)
                                0x1f8 (size before relaxing)
 .stab          0x00016488       0x9c /usr/lib/gcc/avr/4.3.5/../../../avr/lib/avr5/libc.a(strcat.o)
                                 0xa8 (size before relaxing)
 .stab          0x00016524       0x9c /usr/lib/gcc/avr/4.3.5/../../../avr/lib/avr5/libc.a(strchr.o)
                                 0xa8 (size before relaxing)
 .stab          0x000165c0       0x90 /usr/lib/gcc/avr/4.3.5/../../../avr/lib/avr5/libc.a(strchrnul.o)
                                 0x9c (size before relaxing)
 .stab          0x00016650       0x84 /usr/lib/gcc/avr/4.3.5/../../../avr/lib/avr5/libc.a(strcmp.o)
                                 0x90 (size before relaxing)
 .stab          0x000166d4       0x6c /usr/lib/gcc/avr/4.3.5/../../../avr/lib/avr5/libc.a(strcpy.o)
                                 0x78 (size before relaxing)
 .stab          0x00016740       0xc0 /usr/lib/gcc/avr/4.3.5/../../../avr/lib/avr5/libc.a(strncmp.o)
                                 0xcc (size before relaxing)
 .stab          0x00016800       0xcc /usr/lib/gcc/avr/4.3.5/../../../avr/lib/avr5/libc.a(strncpy.o)
                                 0xd8 (size before relaxing)
 .stab          0x000168cc       0x9c /usr/lib/gcc/avr/4.3.5/../../../avr/lib/avr5/libc.a(strrchr.o)
                                 0xa8 (size before relaxing)
 .stab          0x00016968      0x138 /usr/lib/gcc/avr/4.3.5/../../../avr/lib/avr5/libc.a(strsep.o)
                                0x144 (size before relaxing)
 .stab          0x00016aa0       0x78 /usr/lib/gcc/avr/4.3.5/../../../avr/lib/avr5/libc.a(mul10.o)
                                 0x84 (size before relaxing)
 .stab          0x00016b18      0x144 /usr/lib/gcc/avr/4.3.5/../../../avr/lib/avr5/libc.a(iob.o)
                                0x30c (size before relaxing)
 .stab          0x00016c5c      0x1a4 /usr/lib/gcc/avr/4.3.5/../../../avr/lib/avr5/libc.a(printf_p.o)
                                0x384 (size before relaxing)
 .stab          0x00016e00      0x1f8 /usr/lib/gcc/avr/4.3.5/../../../avr/lib/avr5/libc.a(sprintf_p.o)
                                0x3d8 (size before relaxing)
 .stab          0x00016ff8      0x1ec /usr/lib/gcc/avr/4.3.5/../../../avr/lib/avr5/libc.a(vsprintf_p.o)
                                0x3cc (size before relaxing)
 .stab          0x000171e4      0x918 /usr/lib/gcc/avr/4.3.5/../../../avr/lib/avr5/libc.a(vfprintf_std.o)
                                0xb58 (size before relaxing)
 .stab          0x00017afc       0x90 /usr/lib/gcc/avr/4.3.5/../../../avr/lib/avr5/libc.a(eerd_byte_atmega644p.o)
                                 0x9c (size before relaxing)
 .stab          0x00017b8c       0xe4 /usr/lib/gcc/avr/4.3.5/../../../avr/lib/avr5/libc.a(eewr_byte_atmega644p.o)
                                 0xf0 (size before relaxing)
 .stab          0x00017c70       0xf0 /usr/lib/gcc/avr/4.3.5/../../../avr/lib/avr5/libc.a(errno.o)
                                 0xfc (size before relaxing)
 .stab          0x00017d60       0x9c /usr/lib/gcc/avr/4.3.5/../../../avr/lib/avr5/libc.a(isalnum.o)
                                 0xa8 (size before relaxing)
 .stab          0x00017dfc       0x60 /usr/lib/gcc/avr/4.3.5/../../../avr/lib/avr5/libc.a(cty_isfalse.o)
                                 0x6c (size before relaxing)
 .stab          0x00017e5c       0xa8 /usr/lib/gcc/avr/4.3.5/../../../avr/lib/avr5/libc.a(isalpha.o)
                                 0xb4 (size before relaxing)
 .stab          0x00017f04       0x9c /usr/lib/gcc/avr/4.3.5/../../../avr/lib/avr5/libc.a(strnlen_P.o)
                                 0xa8 (size before relaxing)
 .stab          0x00017fa0       0x9c /usr/lib/gcc/avr/4.3.5/../../../avr/lib/avr5/libc.a(strnlen.o)
                                 0xa8 (size before relaxing)
 .stab          0x0001803c      0x1d4 /usr/lib/gcc/avr/4.3.5/../../../avr/lib/avr5/libc.a(fputc.o)
                                0x3b4 (size before relaxing)
 .stab          0x00018210      0x480 /usr/lib/gcc/avr/4.3.5/../../../avr/lib/avr5/libc.a(ultoa_invert.o)
                                0x48c (size before relaxing)

.stabstr        0x00000000     0xb332
 *(.stabstr)
 .stabstr       0x00000000     0xb332 /usr/lib/gcc/avr/4.3.5/../../../avr/lib/avr5/crtm644p.o

.stab.excl
 *(.stab.excl)

.stab.exclstr
 *(.stab.exclstr)

.stab.index
 *(.stab.index)

.stab.indexstr
 *(.stab.indexstr)

.comment
 *(.comment)

.debug
 *(.debug)

.line
 *(.line)

.debug_srcinfo
 *(.debug_srcinfo)

.debug_sfnames
 *(.debug_sfnames)

.debug_aranges
 *(.debug_aranges)

.debug_pubnames
 *(.debug_pubnames)

.debug_info
 *(.debug_info)
 *(.gnu.linkonce.wi.*)

.debug_abbrev
 *(.debug_abbrev)

.debug_line
 *(.debug_line)

.debug_frame
 *(.debug_frame)

.debug_str
 *(.debug_str)

.debug_loc
 *(.debug_loc)

.debug_macinfo
 *(.debug_macinfo)
OUTPUT(Hexfiles/Webserver_MEGA644_P.elf elf32-avr)
LOAD linker stubs

Cross Reference Table

Symbol                                            File
AnzahlTageImMonat                                 timer.o
BASE64CODE                                        base64.o
CMD_TABLE                                         tcpservice/tcpcmd.o
                                                  tcpservice/tcpsrv.o
DS18X20_copy_scratchpad                           1-wire/ds18x20.o
DS18X20_find_sensor                               1-wire/ds18x20.o
DS18X20_get_power_status                          1-wire/ds18x20.o
DS18X20_meas_to_cel                               1-wire/ds18x20.o
DS18X20_read_meas                                 1-wire/ds18x20.o
DS18X20_read_meas_single                          1-wire/ds18x20.o
DS18X20_read_scratchpad                           1-wire/ds18x20.o
DS18X20_recall_E2                                 1-wire/ds18x20.o
DS18X20_show_id_uart                              1-wire/ds18x20.o
DS18X20_start_meas                                1-wire/ds18x20.o
DS18X20_temp_cmp                                  1-wire/ds18x20.o
DS18X20_temp_to_decicel                           1-wire/ds18x20.o
DS18X20_write_scratchpad                          1-wire/ds18x20.o
GetUSdate                                         timer.o
                                                  translate.o
GetYearYYYY                                       timer.o
IP_id_counter                                     stack.o
                                                  messung.o
                                                  tcpservice/tcpsrv.o
                                                  tcpservice/tcpcmd.o
                                                  dns.o
                                                  sendmail.o
                                                  http_get.o
                                                  ntp.o
                                                  telnetd.o
                                                  httpd.o
                                                  timer.o
                                                  main.o
Monatstage                                        timer.o
NTP_Request                                       ntp.o
PORT_tmp                                          httpd.o
Page0                                             httpd.o
Page1                                             httpd.o
Page4                                             httpd.o
SMTP_AUTH                                         sendmail.o
SMTP_DATA                                         sendmail.o
SMTP_END                                          sendmail.o
SMTP_HELO                                         sendmail.o
SMTP_QUIT                                         sendmail.o
SMTP_RSET                                         sendmail.o
TCP_PORT_TABLE                                    stack.o
                                                  messung.o
                                                  tcpservice/tcpsrv.o
                                                  tcpservice/tcpcmd.o
                                                  dns.o
                                                  sendmail.o
                                                  http_get.o
                                                  ntp.o
                                                  telnetd.o
                                                  httpd.o
                                                  timer.o
                                                  main.o
TM_AddOneDay                                      timer.o
                                                  ntp.o
TM_AddOneSecond                                   timer.o
                                                  main.o
TM_DD                                             messung.o
                                                  ntp.o
                                                  timer.o
TM_DOW                                            translate.o
                                                  ntp.o
                                                  timer.o
TM_DS                                             timer.o
TM_MM                                             messung.o
                                                  ntp.o
                                                  timer.o
TM_Schaltzeit                                     timer.o
TM_SchaltzeitSet                                  timer.o
                                                  messung.o
TM_SetDayOfWeek                                   timer.o
TM_SetDayofYear                                   timer.o
                                                  ntp.o
TM_SollzustandGetAktuell                          timer.o
                                                  messung.o
                                                  main.o
TM_YY                                             messung.o
                                                  ntp.o
                                                  timer.o
TM_ZustandGet                                     timer.o
TM_hh                                             messung.o
                                                  ntp.o
                                                  timer.o
TM_mm                                             messung.o
                                                  ntp.o
                                                  timer.o
TM_ss                                             messung.o
                                                  ntp.o
                                                  timer.o
Tagesnamen                                        translate.o
UDP_PORT_TABLE                                    stack.o
                                                  messung.o
                                                  tcpservice/tcpsrv.o
                                                  tcpservice/tcpcmd.o
                                                  dns.o
                                                  sendmail.o
                                                  http_get.o
                                                  ntp.o
                                                  telnetd.o
                                                  httpd.o
                                                  timer.o
                                                  main.o
US_Monate                                         timer.o
WEATHER_GET_STRING                                http_get.o
WEBPAGE_TABLE                                     httpd.o
__bad_interrupt                                   /usr/lib/gcc/avr/4.3.5/../../../avr/lib/avr5/crtm644p.o
__brkval                                          /usr/lib/gcc/avr/4.3.5/../../../avr/lib/avr5/libc.a(malloc.o)
__bss_end                                         /usr/lib/gcc/avr/4.3.5/avr5/libgcc.a(_clear_bss.o)
__bss_start                                       /usr/lib/gcc/avr/4.3.5/avr5/libgcc.a(_clear_bss.o)
__ctype_isfalse                                   /usr/lib/gcc/avr/4.3.5/../../../avr/lib/avr5/libc.a(cty_isfalse.o)
                                                  /usr/lib/gcc/avr/4.3.5/../../../avr/lib/avr5/libc.a(isalpha.o)
                                                  /usr/lib/gcc/avr/4.3.5/../../../avr/lib/avr5/libc.a(isalnum.o)
                                                  /usr/lib/gcc/avr/4.3.5/../../../avr/lib/avr5/libc.a(ispunct.o)
                                                  /usr/lib/gcc/avr/4.3.5/../../../avr/lib/avr5/libc.a(isspace.o)
__ctype_istrue                                    /usr/lib/gcc/avr/4.3.5/../../../avr/lib/avr5/libc.a(cty_isfalse.o)
__data_end                                        /usr/lib/gcc/avr/4.3.5/avr5/libgcc.a(_copy_data.o)
__data_load_start                                 /usr/lib/gcc/avr/4.3.5/avr5/libgcc.a(_copy_data.o)
__data_start                                      /usr/lib/gcc/avr/4.3.5/avr5/libgcc.a(_copy_data.o)
__divmodhi4                                       /usr/lib/gcc/avr/4.3.5/avr5/libgcc.a(_divmodhi4.o)
                                                  1-wire/ds18x20.o
                                                  sdkarte/fat16.o
                                                  timer.o
__do_clear_bss                                    /usr/lib/gcc/avr/4.3.5/avr5/libgcc.a(_clear_bss.o)
                                                  /usr/lib/gcc/avr/4.3.5/../../../avr/lib/avr5/libc.a(errno.o)
                                                  /usr/lib/gcc/avr/4.3.5/../../../avr/lib/avr5/libc.a(iob.o)
                                                  /usr/lib/gcc/avr/4.3.5/../../../avr/lib/avr5/libc.a(malloc.o)
                                                  messung.o
                                                  sdkarte/partition.o
                                                  sdkarte/sd_raw.o
                                                  sdkarte/sd.o
                                                  sdkarte/fat16.o
                                                  sdkarte/sdcard.o
                                                  tcpservice/tcpsrv.o
                                                  tcpservice/tcpcmd.o
                                                  dns.o
                                                  sendmail.o
                                                  http_get.o
                                                  ntp.o
                                                  telnetd.o
                                                  httpd.o
                                                  networkcard/enc28j60.o
                                                  timer.o
                                                  stack.o
                                                  usart.o
                                                  main.o
__do_copy_data                                    /usr/lib/gcc/avr/4.3.5/avr5/libgcc.a(_copy_data.o)
                                                  /usr/lib/gcc/avr/4.3.5/../../../avr/lib/avr5/libc.a(malloc.o)
                                                  messung.o
                                                  sdkarte/sd.o
                                                  sdkarte/fat16.o
                                                  sdkarte/sdcard.o
                                                  tcpservice/tcpsrv.o
                                                  tcpservice/tcpcmd.o
                                                  sendmail.o
                                                  ntp.o
                                                  httpd.o
                                                  timer.o
                                                  usart.o
                                                  main.o
__eerd_byte_m644p                                 /usr/lib/gcc/avr/4.3.5/../../../avr/lib/avr5/libc.a(eerd_byte_atmega644p.o)
                                                  stack.o
__eewr_byte_m644p                                 /usr/lib/gcc/avr/4.3.5/../../../avr/lib/avr5/libc.a(eewr_byte_atmega644p.o)
                                                  tcpservice/tcpcmd.o
                                                  ntp.o
__eewr_r18_m644p                                  /usr/lib/gcc/avr/4.3.5/../../../avr/lib/avr5/libc.a(eewr_byte_atmega644p.o)
__epilogue_restores__                             /usr/lib/gcc/avr/4.3.5/avr5/libgcc.a(_epilogue.o)
                                                  /usr/lib/gcc/avr/4.3.5/../../../avr/lib/avr5/libc.a(vfprintf_std.o)
                                                  /usr/lib/gcc/avr/4.3.5/../../../avr/lib/avr5/libc.a(vsprintf_p.o)
                                                  /usr/lib/gcc/avr/4.3.5/../../../avr/lib/avr5/libc.a(sprintf_p.o)
                                                  /usr/lib/gcc/avr/4.3.5/../../../avr/lib/avr5/libc.a(printf_p.o)
                                                  /usr/lib/gcc/avr/4.3.5/../../../avr/lib/avr5/libc.a(strtoul.o)
__flp                                             /usr/lib/gcc/avr/4.3.5/../../../avr/lib/avr5/libc.a(malloc.o)
__heap_end                                        /usr/lib/gcc/avr/4.3.5/../../../avr/lib/avr5/crtm644p.o
                                                  /usr/lib/gcc/avr/4.3.5/../../../avr/lib/avr5/libc.a(malloc.o)
__heap_start                                      /usr/lib/gcc/avr/4.3.5/../../../avr/lib/avr5/libc.a(malloc.o)
__init                                            /usr/lib/gcc/avr/4.3.5/../../../avr/lib/avr5/crtm644p.o
__iob                                             /usr/lib/gcc/avr/4.3.5/../../../avr/lib/avr5/libc.a(printf_p.o)
                                                  /usr/lib/gcc/avr/4.3.5/../../../avr/lib/avr5/libc.a(iob.o)
                                                  main.o
__malloc_heap_end                                 /usr/lib/gcc/avr/4.3.5/../../../avr/lib/avr5/libc.a(malloc.o)
__malloc_heap_start                               /usr/lib/gcc/avr/4.3.5/../../../avr/lib/avr5/libc.a(malloc.o)
__malloc_margin                                   /usr/lib/gcc/avr/4.3.5/../../../avr/lib/avr5/libc.a(malloc.o)
__mulhi_const_10                                  /usr/lib/gcc/avr/4.3.5/../../../avr/lib/avr5/libc.a(mul10.o)
                                                  /usr/lib/gcc/avr/4.3.5/../../../avr/lib/avr5/libc.a(atoi.o)
__mulsi3                                          /usr/lib/gcc/avr/4.3.5/avr5/libgcc.a(_mulsi3.o)
                                                  /usr/lib/gcc/avr/4.3.5/../../../avr/lib/avr5/libc.a(strtoul.o)
                                                  sdkarte/fat16.o
__prologue_saves__                                /usr/lib/gcc/avr/4.3.5/avr5/libgcc.a(_prologue.o)
                                                  /usr/lib/gcc/avr/4.3.5/../../../avr/lib/avr5/libc.a(vfprintf_std.o)
                                                  /usr/lib/gcc/avr/4.3.5/../../../avr/lib/avr5/libc.a(vsprintf_p.o)
                                                  /usr/lib/gcc/avr/4.3.5/../../../avr/lib/avr5/libc.a(sprintf_p.o)
                                                  /usr/lib/gcc/avr/4.3.5/../../../avr/lib/avr5/libc.a(printf_p.o)
                                                  /usr/lib/gcc/avr/4.3.5/../../../avr/lib/avr5/libc.a(strtoul.o)
__stack                                           /usr/lib/gcc/avr/4.3.5/../../../avr/lib/avr5/crtm644p.o
__udivmodhi4                                      /usr/lib/gcc/avr/4.3.5/avr5/libgcc.a(_udivmodhi4.o)
                                                  /usr/lib/gcc/avr/4.3.5/avr5/libgcc.a(_divmodhi4.o)
                                                  sdkarte/fat16.o
                                                  timer.o
__udivmodqi4                                      /usr/lib/gcc/avr/4.3.5/avr5/libgcc.a(_udivmodqi4.o)
                                                  timer.o
__udivmodsi4                                      /usr/lib/gcc/avr/4.3.5/avr5/libgcc.a(_udivmodsi4.o)
                                                  /usr/lib/gcc/avr/4.3.5/../../../avr/lib/avr5/libc.a(strtoul.o)
                                                  sdkarte/fat16.o
                                                  tcpservice/tcpcmd.o
                                                  ntp.o
                                                  usart.o
__ultoa_invert                                    /usr/lib/gcc/avr/4.3.5/../../../avr/lib/avr5/libc.a(ultoa_invert.o)
                                                  /usr/lib/gcc/avr/4.3.5/../../../avr/lib/avr5/libc.a(vfprintf_std.o)
__vector_1                                        /usr/lib/gcc/avr/4.3.5/../../../avr/lib/avr5/crtm644p.o
__vector_10                                       /usr/lib/gcc/avr/4.3.5/../../../avr/lib/avr5/crtm644p.o
__vector_11                                       /usr/lib/gcc/avr/4.3.5/../../../avr/lib/avr5/crtm644p.o
__vector_12                                       /usr/lib/gcc/avr/4.3.5/../../../avr/lib/avr5/crtm644p.o
__vector_13                                       timer.o
                                                  /usr/lib/gcc/avr/4.3.5/../../../avr/lib/avr5/crtm644p.o
__vector_14                                       /usr/lib/gcc/avr/4.3.5/../../../avr/lib/avr5/crtm644p.o
__vector_15                                       /usr/lib/gcc/avr/4.3.5/../../../avr/lib/avr5/crtm644p.o
__vector_16                                       /usr/lib/gcc/avr/4.3.5/../../../avr/lib/avr5/crtm644p.o
__vector_17                                       /usr/lib/gcc/avr/4.3.5/../../../avr/lib/avr5/crtm644p.o
__vector_18                                       /usr/lib/gcc/avr/4.3.5/../../../avr/lib/avr5/crtm644p.o
__vector_19                                       /usr/lib/gcc/avr/4.3.5/../../../avr/lib/avr5/crtm644p.o
__vector_2                                        /usr/lib/gcc/avr/4.3.5/../../../avr/lib/avr5/crtm644p.o
__vector_20                                       usart.o
                                                  /usr/lib/gcc/avr/4.3.5/../../../avr/lib/avr5/crtm644p.o
__vector_21                                       /usr/lib/gcc/avr/4.3.5/../../../avr/lib/avr5/crtm644p.o
__vector_22                                       /usr/lib/gcc/avr/4.3.5/../../../avr/lib/avr5/crtm644p.o
__vector_23                                       /usr/lib/gcc/avr/4.3.5/../../../avr/lib/avr5/crtm644p.o
__vector_24                                       /usr/lib/gcc/avr/4.3.5/../../../avr/lib/avr5/crtm644p.o
__vector_25                                       /usr/lib/gcc/avr/4.3.5/../../../avr/lib/avr5/crtm644p.o
__vector_26                                       /usr/lib/gcc/avr/4.3.5/../../../avr/lib/avr5/crtm644p.o
__vector_27                                       /usr/lib/gcc/avr/4.3.5/../../../avr/lib/avr5/crtm644p.o
__vector_28                                       /usr/lib/gcc/avr/4.3.5/../../../avr/lib/avr5/crtm644p.o
__vector_29                                       /usr/lib/gcc/avr/4.3.5/../../../avr/lib/avr5/crtm644p.o
__vector_3                                        stack.o
                                                  /usr/lib/gcc/avr/4.3.5/../../../avr/lib/avr5/crtm644p.o
__vector_30                                       /usr/lib/gcc/avr/4.3.5/../../../avr/lib/avr5/crtm644p.o
__vector_4                                        messung.o
                                                  /usr/lib/gcc/avr/4.3.5/../../../avr/lib/avr5/crtm644p.o
__vector_5                                        /usr/lib/gcc/avr/4.3.5/../../../avr/lib/avr5/crtm644p.o
__vector_6                                        messung.o
                                                  /usr/lib/gcc/avr/4.3.5/../../../avr/lib/avr5/crtm644p.o
__vector_7                                        messung.o
                                                  /usr/lib/gcc/avr/4.3.5/../../../avr/lib/avr5/crtm644p.o
__vector_8                                        /usr/lib/gcc/avr/4.3.5/../../../avr/lib/avr5/crtm644p.o
__vector_9                                        /usr/lib/gcc/avr/4.3.5/../../../avr/lib/avr5/crtm644p.o
__vector_default                                  /usr/lib/gcc/avr/4.3.5/../../../avr/lib/avr5/crtm644p.o
__vectors                                         /usr/lib/gcc/avr/4.3.5/../../../avr/lib/avr5/crtm644p.o
_div                                              /usr/lib/gcc/avr/4.3.5/avr5/libgcc.a(_divmodhi4.o)
_dns_qry                                          dns.o
_exit                                             /usr/lib/gcc/avr/4.3.5/avr5/libgcc.a(_exit.o)
add_tcp_app                                       stack.o
                                                  tcpservice/tcpsrv.o
                                                  sendmail.o
                                                  http_get.o
                                                  telnetd.o
                                                  httpd.o
add_udp_app                                       stack.o
                                                  dns.o
                                                  ntp.o
anlagenSollStatus                                 messung.o
                                                  main.o
anlagenStatus                                     messung.o
                                                  main.o
argv                                              tcpservice/tcpsrv.o
                                                  tcpservice/tcpcmd.o
arp_entry                                         messung.o
                                                  tcpservice/tcpsrv.o
                                                  tcpservice/tcpcmd.o
                                                  dns.o
                                                  sendmail.o
                                                  http_get.o
                                                  ntp.o
                                                  telnetd.o
                                                  httpd.o
                                                  timer.o
                                                  stack.o
                                                  main.o
arp_entry_add                                     stack.o
arp_entry_search                                  stack.o
arp_reply                                         stack.o
arp_request                                       stack.o
                                                  tcpservice/tcpcmd.o
                                                  dns.o
                                                  sendmail.o
                                                  http_get.o
                                                  ntp.o
arp_timer_call                                    stack.o
atoi                                              /usr/lib/gcc/avr/4.3.5/../../../avr/lib/avr5/libc.a(atoi.o)
                                                  tcpservice/tcpcmd.o
                                                  sendmail.o
bild_balken                                       httpd.o
bild_rakete                                       httpd.o
buffercounter                                     usart.o
cat                                               tcpservice/tcpcmd.o
change_port_tcp_app                               stack.o
                                                  sendmail.o
check_packet                                      stack.o
checksum                                          stack.o
cmd_150                                           tcpservice/tcpcmd.o
cmd_200                                           tcpservice/tcpcmd.o
cmd_250                                           tcpservice/tcpcmd.o
cmd_502                                           tcpservice/tcpcmd.o
cmd_530                                           tcpservice/tcpcmd.o
cmd_550                                           tcpservice/tcpcmd.o
cmd_CDUP                                          tcpservice/tcpcmd.o
cmd_CWD                                           tcpservice/tcpcmd.o
cmd_DELE                                          tcpservice/tcpcmd.o
cmd_DNS                                           tcpservice/tcpcmd.o
cmd_DNSQ                                          tcpservice/tcpcmd.o
cmd_DNSR                                          tcpservice/tcpcmd.o
cmd_LIST                                          tcpservice/tcpcmd.o
cmd_MKD                                           tcpservice/tcpcmd.o
cmd_MMCdir                                        tcpservice/tcpcmd.o
                                                  tcpservice/tcpsrv.o
cmd_PASS                                          tcpservice/tcpcmd.o
cmd_PASV                                          tcpservice/tcpcmd.o
cmd_PWD                                           tcpservice/tcpcmd.o
cmd_RETR                                          tcpservice/tcpcmd.o
cmd_STOR                                          tcpservice/tcpcmd.o
cmd_SYST                                          tcpservice/tcpcmd.o
cmd_TYPE                                          tcpservice/tcpcmd.o
cmd_USER                                          tcpservice/tcpcmd.o
cmd_quit                                          tcpservice/tcpcmd.o
command_ADC                                       tcpservice/tcpcmd.o
command_OWlookup                                  tcpservice/tcpcmd.o
command_OWread                                    tcpservice/tcpcmd.o
command_arp                                       tcpservice/tcpcmd.o
command_help                                      tcpservice/tcpcmd.o
command_ip                                        tcpservice/tcpcmd.o
command_mac                                       tcpservice/tcpcmd.o
command_mail                                      tcpservice/tcpcmd.o
command_net                                       tcpservice/tcpcmd.o
command_ntp                                       tcpservice/tcpcmd.o
command_ntp_refresh                               tcpservice/tcpcmd.o
command_ping                                      tcpservice/tcpcmd.o
command_reset                                     tcpservice/tcpcmd.o
command_router                                    tcpservice/tcpcmd.o
command_setvar                                    tcpservice/tcpcmd.o
command_tcp                                       tcpservice/tcpcmd.o
command_time                                      tcpservice/tcpcmd.o
command_ver                                       tcpservice/tcpcmd.o
command_wol                                       tcpservice/tcpcmd.o
crc8                                              1-wire/crc8.o
                                                  1-wire/ds18x20.o
create_new_tcp_packet                             stack.o
                                                  tcpservice/tcpsrv.o